[21:40:17.475] [INFO] configure_database: path=/private/var/folders/hx/ql6ztbg12wg_5d8k27g3wxq40000gn/T/tpd31fce39_c43c_41da_a60c_3594b41d7d41/test.duckdb, schema_keys=['subject', 'session', 'speed', 'trial']
[21:40:17.483] [INFO] MATLAB: configure_database — DuckDB lock ACQUIRED: /private/var/folders/hx/ql6ztbg12wg_5d8k27g3wxq40000gn/T/tpd31fce39_c43c_41da_a60c_3594b41d7d41/test.duckdb
[21:40:29.641] [INFO] [timing] save_from_table(DummyMixed): data_convert=2.087s, mode=vertcat, n=7000
[21:40:29.828] [DEBUG] [timing] save_batch_bridge(DummyMixed): n=7000, mode=vertcat_df, split=0.182s, assembly=0.004s
[21:40:29.829] [INFO] save_batch(DummyMixed): 7000 items, mode=dataframe, data: DataFrame 1x54 cols=['dbl_01', 'dbl_02', 'dbl_03', 'dbl_04', 'dbl_05', 'dbl_06', 'dbl_07', 'dbl_08', 'dbl_09', 'dbl_10', 'dbl_11', 'dbl_12', 'dbl_13', 'dbl_14', 'dbl_15', 'dbl_16', 'dbl_17', 'dbl_18', 'dbl_19', 'dbl_20', 'dbl_21', 'dbl_22', 'dbl_23', 'dbl_24', 'dbl_25', 'dbl_26', 'dbl_27', 'arr_01', 'arr_02', 'arr_03', 'arr_04', 'arr_05', 'arr_06', 'arr_07', 'arr_08', 'arr_09', 'arr_10', 'arr_11', 'arr_12', 'arr_13', 'arr_14', 'arr_15', 'arr_16', 'arr_17', 'arr_18', 'arr_19', 'arr_20', 'arr_21', 'arr_22', 'arr_23', 'arr_24', 'arr_25', 'json_01', 'json_02'], DuckDB columns: [dbl_01: DOUBLE, dbl_02: DOUBLE, dbl_03: DOUBLE, dbl_04: DOUBLE, dbl_05: DOUBLE, dbl_06: DOUBLE, dbl_07: DOUBLE, dbl_08: DOUBLE, dbl_09: DOUBLE, dbl_10: DOUBLE, dbl_11: DOUBLE, dbl_12: DOUBLE, dbl_13: DOUBLE, dbl_14: DOUBLE, dbl_15: DOUBLE, dbl_16: DOUBLE, dbl_17: DOUBLE, dbl_18: DOUBLE, dbl_19: DOUBLE, dbl_20: DOUBLE, dbl_21: DOUBLE, dbl_22: DOUBLE, dbl_23: DOUBLE, dbl_24: DOUBLE, dbl_25: DOUBLE, dbl_26: DOUBLE, dbl_27: DOUBLE, arr_01: DOUBLE[], arr_02: DOUBLE[], arr_03: DOUBLE[], arr_04: DOUBLE[], arr_05: DOUBLE[], arr_06: DOUBLE[], arr_07: DOUBLE[], arr_08: DOUBLE[], arr_09: DOUBLE[], arr_10: DOUBLE[], arr_11: DOUBLE[], arr_12: DOUBLE[], arr_13: DOUBLE[], arr_14: DOUBLE[], arr_15: DOUBLE[], arr_16: DOUBLE[], arr_17: DOUBLE[], arr_18: DOUBLE[], arr_19: DOUBLE[], arr_20: DOUBLE[], arr_21: DOUBLE[], arr_22: DOUBLE[], arr_23: DOUBLE[], arr_24: DOUBLE[], arr_25: DOUBLE[], json_01: JSON, json_02: JSON]
[21:40:30.734] [INFO] [timing] save_batch(DummyMixed): 7000 items (7000 new rows, 7000 total storage rows), 7000 schemas, 0.905s
[21:40:30.734] [DEBUG]   save_batch 1_setup                        0.008s
[21:40:30.734] [DEBUG]   save_batch 2_split_metadata               0.016s
[21:40:30.734] [DEBUG]   save_batch 3_schema_resolution            0.027s
[21:40:30.734] [DEBUG]   save_batch 4_per_row_hashing              0.631s
[21:40:30.734] [DEBUG]   save_batch 4a_canonical_hash              0.294s
[21:40:30.734] [DEBUG]   save_batch 4b_record_id                   0.072s
[21:40:30.734] [DEBUG]   save_batch 4c_storage_row                 0.231s
[21:40:30.734] [DEBUG]   save_batch 4d_meta_row                    0.018s
[21:40:30.734] [DEBUG]   save_batch 5_dedup_check                  0.049s
[21:40:30.734] [DEBUG]   save_batch 6a_data_df_create              0.014s
[21:40:30.734] [DEBUG]   save_batch 6b_data_insert                 0.120s
[21:40:30.734] [DEBUG]   save_batch 6c_meta_insert                 0.013s
[21:40:30.734] [DEBUG]   save_batch 6d_variables_upsert            0.001s
[21:40:30.734] [DEBUG]   save_batch 6e_commit                      0.027s
[21:40:30.734] [DEBUG]   save_batch 6_batch_inserts                0.174s
[21:40:30.734] [DEBUG]   save_batch total                          0.905s
[21:40:30.741] [INFO] [timing] save_batch_bridge(DummyMixed): n=7000, mode=vertcat_df, split=0.182s, total=1.098s
[21:40:30.774] [INFO] load_all(DummyMixed): metadata={'subject': 1, 'session': 1, 'speed': 1, 'trial': 1}
[21:40:30.776] [DEBUG] _find_record(DummyMixed): SQL returned 1 records, version_id=latest
[21:40:30.777] [DEBUG] _find_record: record 081c57b5e319755d: version_keys = {}
[21:40:30.779] [DEBUG] _find_record(DummyMixed): 1 record(s) matched (before branch_params filter)
[21:40:30.780] [INFO] [timing] _find_record(DummyMixed, version_id='latest'): total=0.006s, sql=0.002s (1 rows), collapse=0.002s, vk_filter=0.000s, bp_filter=0.000s, sort=0.001s, returned=1 rows
[21:40:30.780] [INFO] load_all(DummyMixed): found 1 record(s)
[21:40:30.783] [INFO] [timing] load_all(DummyMixed): pre-yield setup: find=0.006s, dtype_lookup=0.000s, chunks_total=0.003s (sql=0.002s, deserialize=0.001s, n_chunks=1, mode=dataframe)
[21:40:30.784] [INFO] [timing] load_all(DummyMixed): TOTAL=0.010s (find=0.006s, chunks=0.003s, yield_body=0.000s for 1 records, caller_overhead~=0.001s)
[21:40:30.784] [DEBUG] wrap_batch_bridge: found 27 object-dtype columns to check
[21:40:30.785] [DEBUG] wrap_batch_bridge: column "arr_01" first value type: ndarray
[21:40:30.785] [DEBUG] wrap_batch_bridge: flattening column "arr_01"...
[21:40:30.785] [DEBUG] wrap_batch_bridge: column "arr_01" flattened: 10 total elements in 1 arrays
[21:40:30.785] [DEBUG] wrap_batch_bridge: column "arr_02" first value type: ndarray
[21:40:30.785] [DEBUG] wrap_batch_bridge: flattening column "arr_02"...
[21:40:30.785] [DEBUG] wrap_batch_bridge: column "arr_02" flattened: 10 total elements in 1 arrays
[21:40:30.785] [DEBUG] wrap_batch_bridge: column "arr_03" first value type: ndarray
[21:40:30.785] [DEBUG] wrap_batch_bridge: flattening column "arr_03"...
[21:40:30.785] [DEBUG] wrap_batch_bridge: column "arr_03" flattened: 10 total elements in 1 arrays
[21:40:30.785] [DEBUG] wrap_batch_bridge: column "arr_04" first value type: ndarray
[21:40:30.785] [DEBUG] wrap_batch_bridge: flattening column "arr_04"...
[21:40:30.785] [DEBUG] wrap_batch_bridge: column "arr_04" flattened: 10 total elements in 1 arrays
[21:40:30.785] [DEBUG] wrap_batch_bridge: column "arr_05" first value type: ndarray
[21:40:30.785] [DEBUG] wrap_batch_bridge: flattening column "arr_05"...
[21:40:30.785] [DEBUG] wrap_batch_bridge: column "arr_05" flattened: 10 total elements in 1 arrays
[21:40:30.786] [DEBUG] wrap_batch_bridge: column "arr_06" first value type: ndarray
[21:40:30.786] [DEBUG] wrap_batch_bridge: flattening column "arr_06"...
[21:40:30.786] [DEBUG] wrap_batch_bridge: column "arr_06" flattened: 10 total elements in 1 arrays
[21:40:30.786] [DEBUG] wrap_batch_bridge: column "arr_07" first value type: ndarray
[21:40:30.786] [DEBUG] wrap_batch_bridge: flattening column "arr_07"...
[21:40:30.786] [DEBUG] wrap_batch_bridge: column "arr_07" flattened: 10 total elements in 1 arrays
[21:40:30.786] [DEBUG] wrap_batch_bridge: column "arr_08" first value type: ndarray
[21:40:30.786] [DEBUG] wrap_batch_bridge: flattening column "arr_08"...
[21:40:30.786] [DEBUG] wrap_batch_bridge: column "arr_08" flattened: 10 total elements in 1 arrays
[21:40:30.786] [DEBUG] wrap_batch_bridge: column "arr_09" first value type: ndarray
[21:40:30.786] [DEBUG] wrap_batch_bridge: flattening column "arr_09"...
[21:40:30.786] [DEBUG] wrap_batch_bridge: column "arr_09" flattened: 10 total elements in 1 arrays
[21:40:30.786] [DEBUG] wrap_batch_bridge: column "arr_10" first value type: ndarray
[21:40:30.786] [DEBUG] wrap_batch_bridge: flattening column "arr_10"...
[21:40:30.786] [DEBUG] wrap_batch_bridge: column "arr_10" flattened: 10 total elements in 1 arrays
[21:40:30.786] [DEBUG] wrap_batch_bridge: column "arr_11" first value type: ndarray
[21:40:30.786] [DEBUG] wrap_batch_bridge: flattening column "arr_11"...
[21:40:30.786] [DEBUG] wrap_batch_bridge: column "arr_11" flattened: 10 total elements in 1 arrays
[21:40:30.786] [DEBUG] wrap_batch_bridge: column "arr_12" first value type: ndarray
[21:40:30.786] [DEBUG] wrap_batch_bridge: flattening column "arr_12"...
[21:40:30.787] [DEBUG] wrap_batch_bridge: column "arr_12" flattened: 10 total elements in 1 arrays
[21:40:30.787] [DEBUG] wrap_batch_bridge: column "arr_13" first value type: ndarray
[21:40:30.787] [DEBUG] wrap_batch_bridge: flattening column "arr_13"...
[21:40:30.787] [DEBUG] wrap_batch_bridge: column "arr_13" flattened: 10 total elements in 1 arrays
[21:40:30.787] [DEBUG] wrap_batch_bridge: column "arr_14" first value type: ndarray
[21:40:30.787] [DEBUG] wrap_batch_bridge: flattening column "arr_14"...
[21:40:30.787] [DEBUG] wrap_batch_bridge: column "arr_14" flattened: 10 total elements in 1 arrays
[21:40:30.787] [DEBUG] wrap_batch_bridge: column "arr_15" first value type: ndarray
[21:40:30.787] [DEBUG] wrap_batch_bridge: flattening column "arr_15"...
[21:40:30.787] [DEBUG] wrap_batch_bridge: column "arr_15" flattened: 10 total elements in 1 arrays
[21:40:30.787] [DEBUG] wrap_batch_bridge: column "arr_16" first value type: ndarray
[21:40:30.787] [DEBUG] wrap_batch_bridge: flattening column "arr_16"...
[21:40:30.787] [DEBUG] wrap_batch_bridge: column "arr_16" flattened: 10 total elements in 1 arrays
[21:40:30.787] [DEBUG] wrap_batch_bridge: column "arr_17" first value type: ndarray
[21:40:30.787] [DEBUG] wrap_batch_bridge: flattening column "arr_17"...
[21:40:30.787] [DEBUG] wrap_batch_bridge: column "arr_17" flattened: 10 total elements in 1 arrays
[21:40:30.787] [DEBUG] wrap_batch_bridge: column "arr_18" first value type: ndarray
[21:40:30.787] [DEBUG] wrap_batch_bridge: flattening column "arr_18"...
[21:40:30.788] [DEBUG] wrap_batch_bridge: column "arr_18" flattened: 10 total elements in 1 arrays
[21:40:30.788] [DEBUG] wrap_batch_bridge: column "arr_19" first value type: ndarray
[21:40:30.788] [DEBUG] wrap_batch_bridge: flattening column "arr_19"...
[21:40:30.788] [DEBUG] wrap_batch_bridge: column "arr_19" flattened: 10 total elements in 1 arrays
[21:40:30.788] [DEBUG] wrap_batch_bridge: column "arr_20" first value type: ndarray
[21:40:30.788] [DEBUG] wrap_batch_bridge: flattening column "arr_20"...
[21:40:30.788] [DEBUG] wrap_batch_bridge: column "arr_20" flattened: 10 total elements in 1 arrays
[21:40:30.788] [DEBUG] wrap_batch_bridge: column "arr_21" first value type: ndarray
[21:40:30.788] [DEBUG] wrap_batch_bridge: flattening column "arr_21"...
[21:40:30.788] [DEBUG] wrap_batch_bridge: column "arr_21" flattened: 10 total elements in 1 arrays
[21:40:30.788] [DEBUG] wrap_batch_bridge: column "arr_22" first value type: ndarray
[21:40:30.788] [DEBUG] wrap_batch_bridge: flattening column "arr_22"...
[21:40:30.788] [DEBUG] wrap_batch_bridge: column "arr_22" flattened: 10 total elements in 1 arrays
[21:40:30.788] [DEBUG] wrap_batch_bridge: column "arr_23" first value type: ndarray
[21:40:30.788] [DEBUG] wrap_batch_bridge: flattening column "arr_23"...
[21:40:30.788] [DEBUG] wrap_batch_bridge: column "arr_23" flattened: 10 total elements in 1 arrays
[21:40:30.788] [DEBUG] wrap_batch_bridge: column "arr_24" first value type: ndarray
[21:40:30.788] [DEBUG] wrap_batch_bridge: flattening column "arr_24"...
[21:40:30.788] [DEBUG] wrap_batch_bridge: column "arr_24" flattened: 10 total elements in 1 arrays
[21:40:30.788] [DEBUG] wrap_batch_bridge: column "arr_25" first value type: ndarray
[21:40:30.789] [DEBUG] wrap_batch_bridge: flattening column "arr_25"...
[21:40:30.789] [DEBUG] wrap_batch_bridge: column "arr_25" flattened: 10 total elements in 1 arrays
[21:40:30.789] [DEBUG] wrap_batch_bridge: column "json_01" first value type: dict
[21:40:30.789] [DEBUG] wrap_batch_bridge: column "json_01" contains dicts, serializing to JSON...
[21:40:30.789] [DEBUG] wrap_batch_bridge: column "json_01" serialized to JSON strings
[21:40:30.789] [DEBUG] wrap_batch_bridge: column "json_02" first value type: dict
[21:40:30.789] [DEBUG] wrap_batch_bridge: column "json_02" contains dicts, serializing to JSON...
[21:40:30.789] [DEBUG] wrap_batch_bridge: column "json_02" serialized to JSON strings
[21:40:30.789] [INFO] wrap_batch_bridge: optimized 27 array columns for MATLAB transfer: ['arr_01', 'arr_02', 'arr_03', 'arr_04', 'arr_05']
[21:40:31.686] [INFO] wrap_py_vars_batch: reconstructed 25 flattened array columns
[21:40:31.690] [INFO] wrap_py_vars_batch: parsed 2 JSON columns to structs
