[21:07:55.410] [INFO] configure_database: path=/private/var/folders/hx/ql6ztbg12wg_5d8k27g3wxq40000gn/T/tpca5bfbc2_c83d_44a2_a491_5b49268f08b9/test.duckdb, schema_keys=['subject', 'session', 'speed', 'trial']
[21:07:55.410] [INFO] MATLAB: configure_database — DuckDB lock ACQUIRED: /private/var/folders/hx/ql6ztbg12wg_5d8k27g3wxq40000gn/T/tpca5bfbc2_c83d_44a2_a491_5b49268f08b9/test.duckdb
[21:07:55.488] [INFO] [timing] save_from_table(ScalarVar): data_convert=0.041s, mode=flatten, n=7000
[21:07:55.494] [DEBUG] [timing] save_batch_bridge(ScalarVar): n=7000, mode=list, split=0.000s, assembly=0.003s
[21:07:55.494] [INFO] save_batch(ScalarVar): 7000 items, mode=single_column, data: list len=2, DuckDB columns: [value: DOUBLE[]]
[21:07:55.732] [INFO] [timing] save_batch(ScalarVar): 7000 items (7000 new rows, 7000 total storage rows), 7000 schemas, 0.239s
[21:07:55.732] [DEBUG]   save_batch 1_setup                        0.007s
[21:07:55.732] [DEBUG]   save_batch 2_split_metadata               0.016s
[21:07:55.732] [DEBUG]   save_batch 3_schema_resolution            0.026s
[21:07:55.733] [DEBUG]   save_batch 4_per_row_hashing              0.160s
[21:07:55.733] [DEBUG]   save_batch 4a_canonical_hash              0.058s
[21:07:55.733] [DEBUG]   save_batch 4b_record_id                   0.069s
[21:07:55.733] [DEBUG]   save_batch 4c_storage_row                 0.003s
[21:07:55.733] [DEBUG]   save_batch 4d_meta_row                    0.017s
[21:07:55.733] [DEBUG]   save_batch 5_dedup_check                  0.000s
[21:07:55.733] [DEBUG]   save_batch 6a_data_df_create              0.001s
[21:07:55.733] [DEBUG]   save_batch 6b_data_insert                 0.007s
[21:07:55.733] [DEBUG]   save_batch 6c_meta_insert                 0.012s
[21:07:55.733] [DEBUG]   save_batch 6d_variables_upsert            0.001s
[21:07:55.733] [DEBUG]   save_batch 6e_commit                      0.007s
[21:07:55.733] [DEBUG]   save_batch 6_batch_inserts                0.029s
[21:07:55.733] [DEBUG]   save_batch total                          0.239s
[21:07:55.736] [INFO] [timing] save_batch_bridge(ScalarVar): n=7000, mode=list, split=0.000s, total=0.245s
[21:07:55.743] [INFO] load_all(ScalarVar): metadata={'subject': 1, 'session': 1, 'speed': 1, 'trial': 1}
[21:07:55.745] [DEBUG] _find_record(ScalarVar): SQL returned 1 records, version_id=latest
[21:07:55.746] [DEBUG] _find_record: record 558c25c19d48184f: version_keys = {}
[21:07:55.747] [DEBUG] _find_record(ScalarVar): 1 record(s) matched (before branch_params filter)
[21:07:55.748] [INFO] [timing] _find_record(ScalarVar, version_id='latest'): total=0.005s, sql=0.002s (1 rows), collapse=0.002s, vk_filter=0.000s, bp_filter=0.000s, sort=0.001s, returned=1 rows
[21:07:55.748] [INFO] load_all(ScalarVar): found 1 record(s)
[21:07:55.749] [INFO] [timing] load_all(ScalarVar): pre-yield setup: find=0.005s, dtype_lookup=0.000s, chunks_total=0.000s (sql=0.000s, deserialize=0.000s, n_chunks=1, mode=single_column)
[21:07:55.749] [INFO] [timing] load_all(ScalarVar): TOTAL=0.007s (find=0.005s, chunks=0.000s, yield_body=0.000s for 1 records, caller_overhead~=0.000s)
[21:07:55.778] [INFO] load_all(ScalarVar): metadata={'subject': 20, 'session': 5, 'speed': 10, 'trial': 1}
[21:07:55.781] [DEBUG] _find_record(ScalarVar): SQL returned 1 records, version_id=latest
[21:07:55.781] [DEBUG] _find_record: record 81396918e149c769: version_keys = {}
[21:07:55.783] [DEBUG] _find_record(ScalarVar): 1 record(s) matched (before branch_params filter)
[21:07:55.784] [INFO] [timing] _find_record(ScalarVar, version_id='latest'): total=0.005s, sql=0.003s (1 rows), collapse=0.002s, vk_filter=0.000s, bp_filter=0.000s, sort=0.001s, returned=1 rows
[21:07:55.784] [INFO] load_all(ScalarVar): found 1 record(s)
[21:07:55.785] [INFO] [timing] load_all(ScalarVar): pre-yield setup: find=0.006s, dtype_lookup=0.001s, chunks_total=0.000s (sql=0.000s, deserialize=0.000s, n_chunks=1, mode=single_column)
[21:07:55.785] [INFO] [timing] load_all(ScalarVar): TOTAL=0.007s (find=0.006s, chunks=0.000s, yield_body=0.000s for 1 records, caller_overhead~=0.000s)
[21:07:55.812] [INFO] load_all(ScalarVar): metadata={'subject': 20, 'session': 5, 'speed': 10, 'trial': 7}
[21:07:55.814] [DEBUG] _find_record(ScalarVar): SQL returned 1 records, version_id=latest
[21:07:55.815] [DEBUG] _find_record: record 97427b8273e26bfa: version_keys = {}
[21:07:55.816] [DEBUG] _find_record(ScalarVar): 1 record(s) matched (before branch_params filter)
[21:07:55.817] [INFO] [timing] _find_record(ScalarVar, version_id='latest'): total=0.005s, sql=0.002s (1 rows), collapse=0.002s, vk_filter=0.000s, bp_filter=0.000s, sort=0.001s, returned=1 rows
[21:07:55.817] [INFO] load_all(ScalarVar): found 1 record(s)
[21:07:55.818] [INFO] [timing] load_all(ScalarVar): pre-yield setup: find=0.005s, dtype_lookup=0.000s, chunks_total=0.001s (sql=0.000s, deserialize=0.000s, n_chunks=1, mode=single_column)
[21:07:55.819] [INFO] [timing] load_all(ScalarVar): TOTAL=0.007s (find=0.005s, chunks=0.001s, yield_body=0.000s for 1 records, caller_overhead~=0.001s)
