[10:23:36.884] [INFO] configure_database: path=/private/var/folders/hx/ql6ztbg12wg_5d8k27g3wxq40000gn/T/tpeb5e3346_7e72_4bce_b6e2_e86d7a0a9659/test.duckdb, schema_keys=['subject', 'session', 'speed', 'trial']
[10:23:36.885] [INFO] MATLAB: configure_database — DuckDB lock ACQUIRED: /private/var/folders/hx/ql6ztbg12wg_5d8k27g3wxq40000gn/T/tpeb5e3346_7e72_4bce_b6e2_e86d7a0a9659/test.duckdb
[10:23:36.906] [INFO] [timing] save_from_table(TableVar): data_convert=0.007s, mode=vertcat, n=20
[10:23:36.907] [DEBUG] [timing] save_batch_bridge(TableVar): n=20, mode=vertcat_df, split=0.000s, assembly=0.000s
[10:23:36.908] [INFO] save_batch(TableVar): 20 items, mode=dataframe, data: DataFrame 3x2 cols=['x', 'y'], DuckDB columns: [x: DOUBLE, y: DOUBLE]
[10:23:36.912] [INFO] [content_hash] TableVar: first-record input is DataFrame columns=['x', 'y'] dtypes=['float64', 'float64'] to_numpy_dtype=float64 index_head=[0, 1, 2] -> content_hash=fcba71f1409d8630
[10:23:36.926] [INFO] [timing] save_batch(TableVar): 20 items (60 new rows, 60 total storage rows), 20 schemas, 0.019s
[10:23:36.926] [DEBUG]   save_batch 1_setup                        0.002s
[10:23:36.926] [DEBUG]   save_batch 2_split_metadata               0.000s
[10:23:36.926] [DEBUG]   save_batch 3_schema_resolution            0.002s
[10:23:36.926] [DEBUG]   save_batch 4_per_row_hashing              0.004s
[10:23:36.926] [DEBUG]   save_batch 4a_canonical_hash              0.002s
[10:23:36.927] [DEBUG]   save_batch 4b_record_id                   0.000s
[10:23:36.927] [DEBUG]   save_batch 4c_storage_row                 0.001s
[10:23:36.927] [DEBUG]   save_batch 4d_meta_row                    0.000s
[10:23:36.927] [DEBUG]   save_batch 5_dedup_check                  0.001s
[10:23:36.927] [DEBUG]   save_batch 6a_data_df_create              0.000s
[10:23:36.927] [DEBUG]   save_batch 6b_data_insert                 0.001s
[10:23:36.927] [DEBUG]   save_batch 6c1_record_save_insert         0.002s
[10:23:36.927] [DEBUG]   save_batch 6c2_record_entities_insert     0.004s
[10:23:36.927] [DEBUG]   save_batch 6c_meta_insert                 0.006s
[10:23:36.927] [DEBUG]   save_batch 6d_variables_upsert            0.001s
[10:23:36.927] [DEBUG]   save_batch 6e_commit                      0.001s
[10:23:36.927] [DEBUG]   save_batch 6_batch_inserts                0.009s
[10:23:36.927] [DEBUG]   save_batch total                          0.019s
[10:23:36.927] [INFO] [timing] save_batch_bridge(TableVar): n=20, mode=vertcat_df, split=0.000s, total=0.020s
[10:23:36.942] [INFO] load(TableVar): metadata={'subject': 1, 'session': 1, 'speed': 1, 'trial': 1}
[10:23:36.945] [DEBUG] _find_record(TableVar): SQL returned 1 records, version_id=latest
[10:23:36.951] [INFO] [timing] _find_record(TableVar, version_id='latest'): total=0.008s, sql=0.003s (1 rows), collapse=0.004s, vk_filter=0.000s, bp_filter=0.000s, sort=0.001s, returned=1 rows
[10:23:36.951] [INFO] load(TableVar): found 1 record(s)
[10:23:36.952] [INFO] [timing] load(TableVar): pre-yield setup: find=0.009s, dtype_lookup=0.000s, chunks_total=0.001s (sql=0.000s, deserialize=0.001s, n_chunks=1, mode=dataframe)
[10:23:36.953] [INFO] [timing] load(TableVar): TOTAL=0.011s (find=0.009s, chunks=0.001s, yield_body=0.000s for 1 records, caller_overhead~=0.001s)
[10:23:36.953] [DEBUG] wrap_batch_bridge: found 0 object-dtype columns to check
[10:23:36.953] [DEBUG] wrap_batch_bridge: no array columns found to optimize
