[15:16:34.456] [INFO] configure_database: path=/private/var/folders/hx/ql6ztbg12wg_5d8k27g3wxq40000gn/T/tp1da6b028_b5e3_4e2b_92df_ec2882688b53/test.duckdb, schema_keys=['subject', 'session', 'speed', 'trial']
[15:16:34.458] [INFO] MATLAB: configure_database — DuckDB lock ACQUIRED: /private/var/folders/hx/ql6ztbg12wg_5d8k27g3wxq40000gn/T/tp1da6b028_b5e3_4e2b_92df_ec2882688b53/test.duckdb
[15:16:45.669] [INFO] [timing] save_from_table(DummyMixed): data_convert=1.881s, mode=vertcat, n=7000
[15:16:45.738] [DEBUG] [timing] save_batch_bridge(DummyMixed): n=7000, mode=vertcat_df, split=0.063s, assembly=0.003s
[15:16:45.739] [INFO] save_batch(DummyMixed): 7000 items, mode=dataframe, data: DataFrame 1x54 cols=['dbl_01', 'dbl_02', 'dbl_03', 'dbl_04', 'dbl_05', 'dbl_06', 'dbl_07', 'dbl_08', 'dbl_09', 'dbl_10', 'dbl_11', 'dbl_12', 'dbl_13', 'dbl_14', 'dbl_15', 'dbl_16', 'dbl_17', 'dbl_18', 'dbl_19', 'dbl_20', 'dbl_21', 'dbl_22', 'dbl_23', 'dbl_24', 'dbl_25', 'dbl_26', 'dbl_27', 'arr_01', 'arr_02', 'arr_03', 'arr_04', 'arr_05', 'arr_06', 'arr_07', 'arr_08', 'arr_09', 'arr_10', 'arr_11', 'arr_12', 'arr_13', 'arr_14', 'arr_15', 'arr_16', 'arr_17', 'arr_18', 'arr_19', 'arr_20', 'arr_21', 'arr_22', 'arr_23', 'arr_24', 'arr_25', 'json_01', 'json_02'], DuckDB columns: [dbl_01: DOUBLE, dbl_02: DOUBLE, dbl_03: DOUBLE, dbl_04: DOUBLE, dbl_05: DOUBLE, dbl_06: DOUBLE, dbl_07: DOUBLE, dbl_08: DOUBLE, dbl_09: DOUBLE, dbl_10: DOUBLE, dbl_11: DOUBLE, dbl_12: DOUBLE, dbl_13: DOUBLE, dbl_14: DOUBLE, dbl_15: DOUBLE, dbl_16: DOUBLE, dbl_17: DOUBLE, dbl_18: DOUBLE, dbl_19: DOUBLE, dbl_20: DOUBLE, dbl_21: DOUBLE, dbl_22: DOUBLE, dbl_23: DOUBLE, dbl_24: DOUBLE, dbl_25: DOUBLE, dbl_26: DOUBLE, dbl_27: DOUBLE, arr_01: DOUBLE[], arr_02: DOUBLE[], arr_03: DOUBLE[], arr_04: DOUBLE[], arr_05: DOUBLE[], arr_06: DOUBLE[], arr_07: DOUBLE[], arr_08: DOUBLE[], arr_09: DOUBLE[], arr_10: DOUBLE[], arr_11: DOUBLE[], arr_12: DOUBLE[], arr_13: DOUBLE[], arr_14: DOUBLE[], arr_15: DOUBLE[], arr_16: DOUBLE[], arr_17: DOUBLE[], arr_18: DOUBLE[], arr_19: DOUBLE[], arr_20: DOUBLE[], arr_21: DOUBLE[], arr_22: DOUBLE[], arr_23: DOUBLE[], arr_24: DOUBLE[], arr_25: DOUBLE[], json_01: JSON, json_02: JSON]
[15:16:52.486] [INFO] [timing] save_batch(DummyMixed): 7000 items (7000 new rows, 7000 total storage rows), 7000 schemas, 6.748s
[15:16:52.487] [DEBUG]   save_batch 1_setup                        0.009s
[15:16:52.487] [DEBUG]   save_batch 2_split_metadata               0.016s
[15:16:52.487] [DEBUG]   save_batch 3_schema_resolution            0.025s
[15:16:52.487] [DEBUG]   save_batch 4_per_row_hashing              6.422s
[15:16:52.487] [DEBUG]   save_batch 4a_canonical_hash              0.352s
[15:16:52.487] [DEBUG]   save_batch 4b_record_id                   0.077s
[15:16:52.487] [DEBUG]   save_batch 4c_storage_row                 5.953s
[15:16:52.487] [DEBUG]   save_batch 4d_meta_row                    0.020s
[15:16:52.487] [DEBUG]   save_batch 5_dedup_check                  0.046s
[15:16:52.487] [DEBUG]   save_batch 6a_data_df_create              0.031s
[15:16:52.487] [DEBUG]   save_batch 6b_data_insert                 0.158s
[15:16:52.487] [DEBUG]   save_batch 6c_meta_insert                 0.017s
[15:16:52.487] [DEBUG]   save_batch 6d_variables_upsert            0.001s
[15:16:52.487] [DEBUG]   save_batch 6e_commit                      0.023s
[15:16:52.487] [DEBUG]   save_batch 6_batch_inserts                0.230s
[15:16:52.488] [DEBUG]   save_batch total                          6.748s
[15:16:52.581] [INFO] [timing] save_batch_bridge(DummyMixed): n=7000, mode=vertcat_df, split=0.063s, total=6.909s
[15:16:52.738] [INFO] load_all(DummyMixed): metadata={'subject': 1, 'session': 1, 'speed': 1, 'trial': 1}
[15:16:52.742] [DEBUG] _find_record(DummyMixed): SQL returned 1 records, version_id=latest
[15:16:52.743] [DEBUG] _find_record: record 25d197033a71a2de: version_keys = {}
[15:16:52.745] [DEBUG] _find_record(DummyMixed): 1 record(s) matched (before branch_params filter)
[15:16:52.746] [INFO] [timing] _find_record(DummyMixed, version_id='latest'): total=0.008s, sql=0.004s (1 rows), collapse=0.003s, vk_filter=0.000s, bp_filter=0.000s, sort=0.001s, returned=1 rows
[15:16:52.746] [INFO] load_all(DummyMixed): found 1 record(s)
[15:16:52.749] [INFO] [timing] load_all(DummyMixed): pre-yield setup: find=0.008s, dtype_lookup=0.000s, chunks_total=0.003s (sql=0.001s, deserialize=0.001s, n_chunks=1, mode=dataframe)
[15:16:52.750] [INFO] [timing] load_all(DummyMixed): TOTAL=0.012s (find=0.008s, chunks=0.003s, yield_body=0.000s for 1 records, caller_overhead~=0.001s)
[15:16:52.750] [DEBUG] wrap_batch_bridge: found 27 object-dtype columns to check
[15:16:52.751] [DEBUG] wrap_batch_bridge: column "arr_01" first value type: ndarray
[15:16:52.751] [DEBUG] wrap_batch_bridge: flattening column "arr_01"...
[15:16:52.751] [DEBUG] wrap_batch_bridge: column "arr_01" flattened: 10 total elements in 1 arrays
[15:16:52.751] [DEBUG] wrap_batch_bridge: column "arr_02" first value type: ndarray
[15:16:52.751] [DEBUG] wrap_batch_bridge: flattening column "arr_02"...
[15:16:52.751] [DEBUG] wrap_batch_bridge: column "arr_02" flattened: 10 total elements in 1 arrays
[15:16:52.751] [DEBUG] wrap_batch_bridge: column "arr_03" first value type: ndarray
[15:16:52.751] [DEBUG] wrap_batch_bridge: flattening column "arr_03"...
[15:16:52.751] [DEBUG] wrap_batch_bridge: column "arr_03" flattened: 10 total elements in 1 arrays
[15:16:52.751] [DEBUG] wrap_batch_bridge: column "arr_04" first value type: ndarray
[15:16:52.751] [DEBUG] wrap_batch_bridge: flattening column "arr_04"...
[15:16:52.751] [DEBUG] wrap_batch_bridge: column "arr_04" flattened: 10 total elements in 1 arrays
[15:16:52.751] [DEBUG] wrap_batch_bridge: column "arr_05" first value type: ndarray
[15:16:52.751] [DEBUG] wrap_batch_bridge: flattening column "arr_05"...
[15:16:52.751] [DEBUG] wrap_batch_bridge: column "arr_05" flattened: 10 total elements in 1 arrays
[15:16:52.751] [DEBUG] wrap_batch_bridge: column "arr_06" first value type: ndarray
[15:16:52.751] [DEBUG] wrap_batch_bridge: flattening column "arr_06"...
[15:16:52.751] [DEBUG] wrap_batch_bridge: column "arr_06" flattened: 10 total elements in 1 arrays
[15:16:52.752] [DEBUG] wrap_batch_bridge: column "arr_07" first value type: ndarray
[15:16:52.752] [DEBUG] wrap_batch_bridge: flattening column "arr_07"...
[15:16:52.752] [DEBUG] wrap_batch_bridge: column "arr_07" flattened: 10 total elements in 1 arrays
[15:16:52.752] [DEBUG] wrap_batch_bridge: column "arr_08" first value type: ndarray
[15:16:52.752] [DEBUG] wrap_batch_bridge: flattening column "arr_08"...
[15:16:52.752] [DEBUG] wrap_batch_bridge: column "arr_08" flattened: 10 total elements in 1 arrays
[15:16:52.752] [DEBUG] wrap_batch_bridge: column "arr_09" first value type: ndarray
[15:16:52.752] [DEBUG] wrap_batch_bridge: flattening column "arr_09"...
[15:16:52.752] [DEBUG] wrap_batch_bridge: column "arr_09" flattened: 10 total elements in 1 arrays
[15:16:52.752] [DEBUG] wrap_batch_bridge: column "arr_10" first value type: ndarray
[15:16:52.752] [DEBUG] wrap_batch_bridge: flattening column "arr_10"...
[15:16:52.752] [DEBUG] wrap_batch_bridge: column "arr_10" flattened: 10 total elements in 1 arrays
[15:16:52.752] [DEBUG] wrap_batch_bridge: column "arr_11" first value type: ndarray
[15:16:52.752] [DEBUG] wrap_batch_bridge: flattening column "arr_11"...
[15:16:52.752] [DEBUG] wrap_batch_bridge: column "arr_11" flattened: 10 total elements in 1 arrays
[15:16:52.752] [DEBUG] wrap_batch_bridge: column "arr_12" first value type: ndarray
[15:16:52.752] [DEBUG] wrap_batch_bridge: flattening column "arr_12"...
[15:16:52.753] [DEBUG] wrap_batch_bridge: column "arr_12" flattened: 10 total elements in 1 arrays
[15:16:52.753] [DEBUG] wrap_batch_bridge: column "arr_13" first value type: ndarray
[15:16:52.753] [DEBUG] wrap_batch_bridge: flattening column "arr_13"...
[15:16:52.753] [DEBUG] wrap_batch_bridge: column "arr_13" flattened: 10 total elements in 1 arrays
[15:16:52.753] [DEBUG] wrap_batch_bridge: column "arr_14" first value type: ndarray
[15:16:52.753] [DEBUG] wrap_batch_bridge: flattening column "arr_14"...
[15:16:52.753] [DEBUG] wrap_batch_bridge: column "arr_14" flattened: 10 total elements in 1 arrays
[15:16:52.753] [DEBUG] wrap_batch_bridge: column "arr_15" first value type: ndarray
[15:16:52.753] [DEBUG] wrap_batch_bridge: flattening column "arr_15"...
[15:16:52.753] [DEBUG] wrap_batch_bridge: column "arr_15" flattened: 10 total elements in 1 arrays
[15:16:52.753] [DEBUG] wrap_batch_bridge: column "arr_16" first value type: ndarray
[15:16:52.753] [DEBUG] wrap_batch_bridge: flattening column "arr_16"...
[15:16:52.753] [DEBUG] wrap_batch_bridge: column "arr_16" flattened: 10 total elements in 1 arrays
[15:16:52.753] [DEBUG] wrap_batch_bridge: column "arr_17" first value type: ndarray
[15:16:52.753] [DEBUG] wrap_batch_bridge: flattening column "arr_17"...
[15:16:52.753] [DEBUG] wrap_batch_bridge: column "arr_17" flattened: 10 total elements in 1 arrays
[15:16:52.753] [DEBUG] wrap_batch_bridge: column "arr_18" first value type: ndarray
[15:16:52.753] [DEBUG] wrap_batch_bridge: flattening column "arr_18"...
[15:16:52.754] [DEBUG] wrap_batch_bridge: column "arr_18" flattened: 10 total elements in 1 arrays
[15:16:52.754] [DEBUG] wrap_batch_bridge: column "arr_19" first value type: ndarray
[15:16:52.754] [DEBUG] wrap_batch_bridge: flattening column "arr_19"...
[15:16:52.754] [DEBUG] wrap_batch_bridge: column "arr_19" flattened: 10 total elements in 1 arrays
[15:16:52.754] [DEBUG] wrap_batch_bridge: column "arr_20" first value type: ndarray
[15:16:52.754] [DEBUG] wrap_batch_bridge: flattening column "arr_20"...
[15:16:52.754] [DEBUG] wrap_batch_bridge: column "arr_20" flattened: 10 total elements in 1 arrays
[15:16:52.754] [DEBUG] wrap_batch_bridge: column "arr_21" first value type: ndarray
[15:16:52.754] [DEBUG] wrap_batch_bridge: flattening column "arr_21"...
[15:16:52.754] [DEBUG] wrap_batch_bridge: column "arr_21" flattened: 10 total elements in 1 arrays
[15:16:52.754] [DEBUG] wrap_batch_bridge: column "arr_22" first value type: ndarray
[15:16:52.754] [DEBUG] wrap_batch_bridge: flattening column "arr_22"...
[15:16:52.754] [DEBUG] wrap_batch_bridge: column "arr_22" flattened: 10 total elements in 1 arrays
[15:16:52.754] [DEBUG] wrap_batch_bridge: column "arr_23" first value type: ndarray
[15:16:52.754] [DEBUG] wrap_batch_bridge: flattening column "arr_23"...
[15:16:52.754] [DEBUG] wrap_batch_bridge: column "arr_23" flattened: 10 total elements in 1 arrays
[15:16:52.754] [DEBUG] wrap_batch_bridge: column "arr_24" first value type: ndarray
[15:16:52.755] [DEBUG] wrap_batch_bridge: flattening column "arr_24"...
[15:16:52.755] [DEBUG] wrap_batch_bridge: column "arr_24" flattened: 10 total elements in 1 arrays
[15:16:52.755] [DEBUG] wrap_batch_bridge: column "arr_25" first value type: ndarray
[15:16:52.755] [DEBUG] wrap_batch_bridge: flattening column "arr_25"...
[15:16:52.755] [DEBUG] wrap_batch_bridge: column "arr_25" flattened: 10 total elements in 1 arrays
[15:16:52.755] [DEBUG] wrap_batch_bridge: column "json_01" first value type: dict
[15:16:52.755] [DEBUG] wrap_batch_bridge: column "json_01" contains dicts, serializing to JSON...
[15:16:52.755] [DEBUG] wrap_batch_bridge: column "json_01" serialized to JSON strings
[15:16:52.755] [DEBUG] wrap_batch_bridge: column "json_02" first value type: dict
[15:16:52.755] [DEBUG] wrap_batch_bridge: column "json_02" contains dicts, serializing to JSON...
[15:16:52.755] [DEBUG] wrap_batch_bridge: column "json_02" serialized to JSON strings
[15:16:52.755] [INFO] wrap_batch_bridge: optimized 27 array columns for MATLAB transfer: ['arr_01', 'arr_02', 'arr_03', 'arr_04', 'arr_05']
[15:16:53.454] [INFO] wrap_py_vars_batch: reconstructed 25 flattened array columns
[15:16:53.459] [INFO] wrap_py_vars_batch: parsed 2 JSON columns to structs
