[23:09:02.317] [INFO] configure_database: path=/private/var/folders/hx/ql6ztbg12wg_5d8k27g3wxq40000gn/T/tp8cf93bea_f5ec_42a2_b834_1e87bf6fda1b/test.duckdb, schema_keys=['subject', 'session', 'speed', 'trial']
[23:09:02.318] [INFO] MATLAB: configure_database — DuckDB lock ACQUIRED: /private/var/folders/hx/ql6ztbg12wg_5d8k27g3wxq40000gn/T/tp8cf93bea_f5ec_42a2_b834_1e87bf6fda1b/test.duckdb
[23:09:02.379] [INFO] [timing] save_from_table(TableVar): data_convert=0.014s, mode=vertcat, n=20
[23:09:02.381] [DEBUG] [timing] save_batch_bridge(TableVar): n=20, mode=vertcat_df, split=0.000s, assembly=0.000s
[23:09:02.381] [INFO] save_batch(TableVar): 20 items, mode=dataframe, data: DataFrame 3x2 cols=['x', 'y'], DuckDB columns: [x: DOUBLE, y: DOUBLE]
[23:09:02.399] [INFO] [timing] save_batch(TableVar): 20 items (60 new rows, 60 total storage rows), 20 schemas, 0.018s
[23:09:02.399] [DEBUG]   save_batch 1_setup                        0.009s
[23:09:02.399] [DEBUG]   save_batch 2_split_metadata               0.000s
[23:09:02.399] [DEBUG]   save_batch 3_schema_resolution            0.002s
[23:09:02.399] [DEBUG]   save_batch 4_per_row_hashing              0.001s
[23:09:02.399] [DEBUG]   save_batch 4a_canonical_hash              0.000s
[23:09:02.399] [DEBUG]   save_batch 4b_record_id                   0.000s
[23:09:02.399] [DEBUG]   save_batch 4c_storage_row                 0.000s
[23:09:02.399] [DEBUG]   save_batch 4d_meta_row                    0.000s
[23:09:02.399] [DEBUG]   save_batch 5_dedup_check                  0.001s
[23:09:02.399] [DEBUG]   save_batch 6a_data_df_create              0.000s
[23:09:02.399] [DEBUG]   save_batch 6b_data_insert                 0.000s
[23:09:02.399] [DEBUG]   save_batch 6c_meta_insert                 0.003s
[23:09:02.399] [DEBUG]   save_batch 6d_variables_upsert            0.002s
[23:09:02.399] [DEBUG]   save_batch 6e_commit                      0.000s
[23:09:02.399] [DEBUG]   save_batch 6_batch_inserts                0.005s
[23:09:02.399] [DEBUG]   save_batch total                          0.018s
[23:09:02.400] [INFO] [timing] save_batch_bridge(TableVar): n=20, mode=vertcat_df, split=0.000s, total=0.019s
[23:09:02.423] [INFO] load_all(TableVar): metadata={'subject': 1, 'session': 1, 'speed': 1, 'trial': 1}
[23:09:02.425] [DEBUG] _find_record(TableVar): SQL returned 1 records, version_id=latest
[23:09:02.426] [DEBUG] _find_record: record 3f5506cf567557d5: version_keys = {}
[23:09:02.427] [DEBUG] _find_record(TableVar): 1 record(s) matched (before branch_params filter)
[23:09:02.428] [INFO] [timing] _find_record(TableVar, version_id='latest'): total=0.005s, sql=0.002s (1 rows), collapse=0.002s, vk_filter=0.000s, bp_filter=0.000s, sort=0.001s, returned=1 rows
[23:09:02.428] [INFO] load_all(TableVar): found 1 record(s)
[23:09:02.430] [INFO] [timing] load_all(TableVar): pre-yield setup: find=0.005s, dtype_lookup=0.000s, chunks_total=0.001s (sql=0.000s, deserialize=0.001s, n_chunks=1, mode=dataframe)
[23:09:02.430] [INFO] [timing] load_all(TableVar): TOTAL=0.007s (find=0.005s, chunks=0.001s, yield_body=0.000s for 1 records, caller_overhead~=0.001s)
[23:09:02.431] [DEBUG] wrap_batch_bridge: found 0 object-dtype columns to check
[23:09:02.431] [DEBUG] wrap_batch_bridge: no array columns found to optimize
