[22:49:26.816] [INFO] configure_database: path=/private/var/folders/hx/ql6ztbg12wg_5d8k27g3wxq40000gn/T/tp1792d5d7_08ec_46ea_9d3a_f96418883aa1/test.duckdb, schema_keys=['subject', 'session', 'speed', 'trial']
[22:49:26.817] [INFO] MATLAB: configure_database — DuckDB lock ACQUIRED: /private/var/folders/hx/ql6ztbg12wg_5d8k27g3wxq40000gn/T/tp1792d5d7_08ec_46ea_9d3a_f96418883aa1/test.duckdb
[22:49:26.837] [INFO] [timing] save_from_table(TableVar): data_convert=0.006s, mode=vertcat, n=20
[22:49:26.839] [DEBUG] [timing] save_batch_bridge(TableVar): n=20, mode=vertcat_df, split=0.000s, assembly=0.000s
[22:49:26.839] [INFO] save_batch(TableVar): 20 items, mode=dataframe, data: DataFrame 3x2 cols=['x', 'y'], DuckDB columns: [x: DOUBLE, y: DOUBLE]
[22:49:26.857] [INFO] [timing] save_batch(TableVar): 20 items (60 new rows, 60 total storage rows), 20 schemas, 0.018s
[22:49:26.857] [DEBUG]   save_batch 1_setup                        0.009s
[22:49:26.857] [DEBUG]   save_batch 2_split_metadata               0.000s
[22:49:26.857] [DEBUG]   save_batch 3_schema_resolution            0.002s
[22:49:26.857] [DEBUG]   save_batch 4_per_row_hashing              0.001s
[22:49:26.857] [DEBUG]   save_batch 4a_canonical_hash              0.000s
[22:49:26.857] [DEBUG]   save_batch 4b_record_id                   0.000s
[22:49:26.857] [DEBUG]   save_batch 4c_storage_row                 0.001s
[22:49:26.857] [DEBUG]   save_batch 4d_meta_row                    0.000s
[22:49:26.857] [DEBUG]   save_batch 5_dedup_check                  0.002s
[22:49:26.857] [DEBUG]   save_batch 6a_data_df_create              0.000s
[22:49:26.857] [DEBUG]   save_batch 6b_data_insert                 0.001s
[22:49:26.857] [DEBUG]   save_batch 6c_meta_insert                 0.002s
[22:49:26.857] [DEBUG]   save_batch 6d_variables_upsert            0.001s
[22:49:26.857] [DEBUG]   save_batch 6e_commit                      0.000s
[22:49:26.857] [DEBUG]   save_batch 6_batch_inserts                0.004s
[22:49:26.857] [DEBUG]   save_batch total                          0.018s
[22:49:26.857] [INFO] [timing] save_batch_bridge(TableVar): n=20, mode=vertcat_df, split=0.000s, total=0.019s
[22:49:26.867] [INFO] load_all(TableVar): metadata={'subject': 1, 'session': 1, 'speed': 1, 'trial': 1}
[22:49:26.870] [DEBUG] _find_record(TableVar): SQL returned 1 records, version_id=latest
[22:49:26.871] [DEBUG] _find_record: record 3f5506cf567557d5: version_keys = {}
[22:49:26.872] [DEBUG] _find_record(TableVar): 1 record(s) matched (before branch_params filter)
[22:49:26.874] [INFO] [timing] _find_record(TableVar, version_id='latest'): total=0.006s, sql=0.003s (1 rows), collapse=0.002s, vk_filter=0.000s, bp_filter=0.000s, sort=0.001s, returned=1 rows
[22:49:26.874] [INFO] load_all(TableVar): found 1 record(s)
[22:49:26.876] [INFO] [timing] load_all(TableVar): pre-yield setup: find=0.006s, dtype_lookup=0.000s, chunks_total=0.001s (sql=0.000s, deserialize=0.001s, n_chunks=1, mode=dataframe)
[22:49:26.876] [INFO] [timing] load_all(TableVar): TOTAL=0.009s (find=0.006s, chunks=0.001s, yield_body=0.000s for 1 records, caller_overhead~=0.001s)
[22:49:26.876] [DEBUG] wrap_batch_bridge: found 0 object-dtype columns to check
[22:49:26.877] [DEBUG] wrap_batch_bridge: no array columns found to optimize
