[00:00:24.618] [INFO] configure_database: path=/private/var/folders/hx/ql6ztbg12wg_5d8k27g3wxq40000gn/T/tp850e3bbb_5e93_46fc_9f84_ffcef3f38d90/test.duckdb, schema_keys=['subject', 'session', 'speed', 'trial']
[00:00:24.619] [INFO] MATLAB: configure_database — DuckDB lock ACQUIRED: /private/var/folders/hx/ql6ztbg12wg_5d8k27g3wxq40000gn/T/tp850e3bbb_5e93_46fc_9f84_ffcef3f38d90/test.duckdb
[00:00:24.671] [INFO] [timing] save_from_table(ScalarVar): data_convert=0.028s, mode=flatten, n=7000
[00:00:24.677] [DEBUG] [timing] save_batch_bridge(ScalarVar): n=7000, mode=list, split=0.000s, assembly=0.003s
[00:00:24.677] [INFO] save_batch(ScalarVar): 7000 items, mode=single_column, data: list len=2, DuckDB columns: [value: DOUBLE[]]
[00:00:24.906] [INFO] [timing] save_batch(ScalarVar): 7000 items (7000 new rows, 7000 total storage rows), 7000 schemas, 0.229s
[00:00:24.906] [DEBUG]   save_batch 1_setup                        0.007s
[00:00:24.906] [DEBUG]   save_batch 2_split_metadata               0.015s
[00:00:24.906] [DEBUG]   save_batch 3_schema_resolution            0.024s
[00:00:24.906] [DEBUG]   save_batch 4_per_row_hashing              0.153s
[00:00:24.906] [DEBUG]   save_batch 4a_canonical_hash              0.055s
[00:00:24.906] [DEBUG]   save_batch 4b_record_id                   0.066s
[00:00:24.906] [DEBUG]   save_batch 4c_storage_row                 0.003s
[00:00:24.906] [DEBUG]   save_batch 4d_meta_row                    0.016s
[00:00:24.907] [DEBUG]   save_batch 5_dedup_check                  0.000s
[00:00:24.907] [DEBUG]   save_batch 6a_data_df_create              0.001s
[00:00:24.907] [DEBUG]   save_batch 6b_data_insert                 0.007s
[00:00:24.907] [DEBUG]   save_batch 6c_meta_insert                 0.012s
[00:00:24.907] [DEBUG]   save_batch 6d_variables_upsert            0.001s
[00:00:24.907] [DEBUG]   save_batch 6e_commit                      0.008s
[00:00:24.907] [DEBUG]   save_batch 6_batch_inserts                0.029s
[00:00:24.907] [DEBUG]   save_batch total                          0.229s
[00:00:24.909] [INFO] [timing] save_batch_bridge(ScalarVar): n=7000, mode=list, split=0.000s, total=0.235s
[00:00:24.915] [INFO] load_all(ScalarVar): metadata={'subject': 1, 'session': 1, 'speed': 1, 'trial': 1}
[00:00:24.917] [DEBUG] _find_record(ScalarVar): SQL returned 1 records, version_id=latest
[00:00:24.918] [DEBUG] _find_record: record 558c25c19d48184f: version_keys = {}
[00:00:24.919] [DEBUG] _find_record(ScalarVar): 1 record(s) matched (before branch_params filter)
[00:00:24.920] [INFO] [timing] _find_record(ScalarVar, version_id='latest'): total=0.005s, sql=0.002s (1 rows), collapse=0.002s, vk_filter=0.000s, bp_filter=0.000s, sort=0.001s, returned=1 rows
[00:00:24.921] [INFO] load_all(ScalarVar): found 1 record(s)
[00:00:24.921] [INFO] [timing] load_all(ScalarVar): pre-yield setup: find=0.005s, dtype_lookup=0.000s, chunks_total=0.000s (sql=0.000s, deserialize=0.000s, n_chunks=1, mode=single_column)
[00:00:24.922] [INFO] [timing] load_all(ScalarVar): TOTAL=0.006s (find=0.005s, chunks=0.000s, yield_body=0.000s for 1 records, caller_overhead~=0.000s)
[00:00:24.945] [INFO] load_all(ScalarVar): metadata={'subject': 20, 'session': 5, 'speed': 10, 'trial': 1}
[00:00:24.948] [DEBUG] _find_record(ScalarVar): SQL returned 1 records, version_id=latest
[00:00:24.949] [DEBUG] _find_record: record 81396918e149c769: version_keys = {}
[00:00:24.950] [DEBUG] _find_record(ScalarVar): 1 record(s) matched (before branch_params filter)
[00:00:24.951] [INFO] [timing] _find_record(ScalarVar, version_id='latest'): total=0.005s, sql=0.002s (1 rows), collapse=0.002s, vk_filter=0.000s, bp_filter=0.000s, sort=0.001s, returned=1 rows
[00:00:24.951] [INFO] load_all(ScalarVar): found 1 record(s)
[00:00:24.952] [INFO] [timing] load_all(ScalarVar): pre-yield setup: find=0.006s, dtype_lookup=0.000s, chunks_total=0.000s (sql=0.000s, deserialize=0.000s, n_chunks=1, mode=single_column)
[00:00:24.952] [INFO] [timing] load_all(ScalarVar): TOTAL=0.007s (find=0.006s, chunks=0.000s, yield_body=0.000s for 1 records, caller_overhead~=0.000s)
[00:00:24.973] [INFO] load_all(ScalarVar): metadata={'subject': 20, 'session': 5, 'speed': 10, 'trial': 7}
[00:00:24.975] [DEBUG] _find_record(ScalarVar): SQL returned 1 records, version_id=latest
[00:00:24.976] [DEBUG] _find_record: record 97427b8273e26bfa: version_keys = {}
[00:00:24.977] [DEBUG] _find_record(ScalarVar): 1 record(s) matched (before branch_params filter)
[00:00:24.978] [INFO] [timing] _find_record(ScalarVar, version_id='latest'): total=0.005s, sql=0.002s (1 rows), collapse=0.002s, vk_filter=0.000s, bp_filter=0.000s, sort=0.001s, returned=1 rows
[00:00:24.978] [INFO] load_all(ScalarVar): found 1 record(s)
[00:00:24.979] [INFO] [timing] load_all(ScalarVar): pre-yield setup: find=0.005s, dtype_lookup=0.000s, chunks_total=0.000s (sql=0.000s, deserialize=0.000s, n_chunks=1, mode=single_column)
[00:00:24.979] [INFO] [timing] load_all(ScalarVar): TOTAL=0.006s (find=0.005s, chunks=0.000s, yield_body=0.000s for 1 records, caller_overhead~=0.000s)
