[10:16:39.318] [INFO] configure_database: path=/private/var/folders/hx/ql6ztbg12wg_5d8k27g3wxq40000gn/T/tpd355bf05_f7db_4160_8539_99ae959c6664/test.duckdb, schema_keys=['subject', 'session', 'speed', 'trial']
[10:16:39.318] [INFO] MATLAB: configure_database — DuckDB lock ACQUIRED: /private/var/folders/hx/ql6ztbg12wg_5d8k27g3wxq40000gn/T/tpd355bf05_f7db_4160_8539_99ae959c6664/test.duckdb
[10:16:39.343] [INFO] [timing] save_from_table(TableVar): data_convert=0.011s, mode=vertcat, n=20
[10:16:39.344] [DEBUG] [timing] save_batch_bridge(TableVar): n=20, mode=vertcat_df, split=0.000s, assembly=0.000s
[10:16:39.345] [INFO] save_batch(TableVar): 20 items, mode=dataframe, data: DataFrame 3x2 cols=['x', 'y'], DuckDB columns: [x: DOUBLE, y: DOUBLE]
[10:16:39.383] [INFO] [timing] save_batch(TableVar): 20 items (60 new rows, 60 total storage rows), 20 schemas, 0.039s
[10:16:39.383] [DEBUG]   save_batch 1_setup                        0.002s
[10:16:39.383] [DEBUG]   save_batch 2_split_metadata               0.000s
[10:16:39.383] [DEBUG]   save_batch 3_schema_resolution            0.001s
[10:16:39.384] [DEBUG]   save_batch 4_per_row_hashing              0.001s
[10:16:39.384] [DEBUG]   save_batch 4a_canonical_hash              0.000s
[10:16:39.384] [DEBUG]   save_batch 4b_record_id                   0.000s
[10:16:39.384] [DEBUG]   save_batch 4c_storage_row                 0.000s
[10:16:39.384] [DEBUG]   save_batch 4d_meta_row                    0.000s
[10:16:39.384] [DEBUG]   save_batch 5_dedup_check                  0.002s
[10:16:39.384] [DEBUG]   save_batch 6a_data_df_create              0.000s
[10:16:39.384] [DEBUG]   save_batch 6b_data_insert                 0.000s
[10:16:39.384] [DEBUG]   save_batch 6c_meta_insert                 0.029s
[10:16:39.384] [DEBUG]   save_batch 6d_variables_upsert            0.001s
[10:16:39.384] [DEBUG]   save_batch 6e_commit                      0.001s
[10:16:39.384] [DEBUG]   save_batch 6_batch_inserts                0.032s
[10:16:39.384] [DEBUG]   save_batch total                          0.039s
[10:16:39.384] [INFO] [timing] save_batch_bridge(TableVar): n=20, mode=vertcat_df, split=0.000s, total=0.040s
[10:16:39.393] [INFO] load(TableVar): metadata={'subject': 1, 'session': 1, 'speed': 1, 'trial': 1}
[10:16:39.396] [DEBUG] _find_record(TableVar): SQL returned 1 records, version_id=latest
[10:16:39.402] [INFO] [timing] _find_record(TableVar, version_id='latest'): total=0.009s, sql=0.003s (1 rows), collapse=0.005s, vk_filter=0.000s, bp_filter=0.000s, sort=0.001s, returned=1 rows
[10:16:39.402] [INFO] load(TableVar): found 1 record(s)
[10:16:39.404] [INFO] [timing] load(TableVar): pre-yield setup: find=0.009s, dtype_lookup=0.000s, chunks_total=0.001s (sql=0.000s, deserialize=0.001s, n_chunks=1, mode=dataframe)
[10:16:39.406] [INFO] [timing] load(TableVar): TOTAL=0.013s (find=0.009s, chunks=0.001s, yield_body=0.001s for 1 records, caller_overhead~=0.001s)
[10:16:39.406] [DEBUG] wrap_batch_bridge: found 0 object-dtype columns to check
[10:16:39.406] [DEBUG] wrap_batch_bridge: no array columns found to optimize
