[22:34:52.428] [INFO] configure_database: path=/private/var/folders/hx/ql6ztbg12wg_5d8k27g3wxq40000gn/T/tp1c48d03a_d7a6_4dc7_a4dd_76a8e709d50b/test.duckdb, schema_keys=['subject', 'session', 'speed', 'trial']
[22:34:52.429] [INFO] MATLAB: configure_database — DuckDB lock ACQUIRED: /private/var/folders/hx/ql6ztbg12wg_5d8k27g3wxq40000gn/T/tp1c48d03a_d7a6_4dc7_a4dd_76a8e709d50b/test.duckdb
[22:34:52.466] [INFO] [timing] save_from_table(ScalarVar): data_convert=0.013s, mode=flatten, n=7000
[22:34:52.470] [DEBUG] [timing] save_batch_bridge(ScalarVar): n=7000, mode=list, split=0.000s, assembly=0.003s
[22:34:52.470] [INFO] save_batch(ScalarVar): 7000 items, mode=single_column, data: list len=2, DuckDB columns: [value: DOUBLE[]]
[22:34:52.733] [INFO] [timing] save_batch(ScalarVar): 7000 items (7000 new rows, 7000 total storage rows), 7000 schemas, 0.264s
[22:34:52.734] [DEBUG]   save_batch 1_setup                        0.007s
[22:34:52.734] [DEBUG]   save_batch 2_split_metadata               0.016s
[22:34:52.734] [DEBUG]   save_batch 3_schema_resolution            0.027s
[22:34:52.734] [DEBUG]   save_batch 4_per_row_hashing              0.183s
[22:34:52.734] [DEBUG]   save_batch 4a_canonical_hash              0.077s
[22:34:52.734] [DEBUG]   save_batch 4b_record_id                   0.070s
[22:34:52.734] [DEBUG]   save_batch 4c_storage_row                 0.003s
[22:34:52.734] [DEBUG]   save_batch 4d_meta_row                    0.018s
[22:34:52.734] [DEBUG]   save_batch 5_dedup_check                  0.000s
[22:34:52.734] [DEBUG]   save_batch 6a_data_df_create              0.001s
[22:34:52.734] [DEBUG]   save_batch 6b_data_insert                 0.008s
[22:34:52.734] [DEBUG]   save_batch 6c_meta_insert                 0.013s
[22:34:52.734] [DEBUG]   save_batch 6d_variables_upsert            0.001s
[22:34:52.734] [DEBUG]   save_batch 6e_commit                      0.008s
[22:34:52.734] [DEBUG]   save_batch 6_batch_inserts                0.031s
[22:34:52.734] [DEBUG]   save_batch total                          0.264s
[22:34:52.736] [INFO] [timing] save_batch_bridge(ScalarVar): n=7000, mode=list, split=0.000s, total=0.269s
[22:34:52.749] [INFO] load_all(ScalarVar): metadata={'subject': 1, 'session': 1, 'speed': 1, 'trial': 1}
[22:34:52.751] [DEBUG] _find_record(ScalarVar): SQL returned 1 records, version_id=latest
[22:34:52.752] [DEBUG] _find_record: record 558c25c19d48184f: version_keys = {}
[22:34:52.753] [DEBUG] _find_record(ScalarVar): 1 record(s) matched (before branch_params filter)
[22:34:52.755] [INFO] [timing] _find_record(ScalarVar, version_id='latest'): total=0.005s, sql=0.002s (1 rows), collapse=0.002s, vk_filter=0.000s, bp_filter=0.000s, sort=0.001s, returned=1 rows
[22:34:52.755] [INFO] load_all(ScalarVar): found 1 record(s)
[22:34:52.756] [INFO] [timing] load_all(ScalarVar): pre-yield setup: find=0.006s, dtype_lookup=0.001s, chunks_total=0.001s (sql=0.000s, deserialize=0.000s, n_chunks=1, mode=single_column)
[22:34:52.757] [INFO] [timing] load_all(ScalarVar): TOTAL=0.008s (find=0.006s, chunks=0.001s, yield_body=0.000s for 1 records, caller_overhead~=0.001s)
[22:34:52.792] [INFO] load_all(ScalarVar): metadata={'subject': 20, 'session': 5, 'speed': 10, 'trial': 1}
[22:34:52.794] [DEBUG] _find_record(ScalarVar): SQL returned 1 records, version_id=latest
[22:34:52.795] [DEBUG] _find_record: record 81396918e149c769: version_keys = {}
[22:34:52.796] [DEBUG] _find_record(ScalarVar): 1 record(s) matched (before branch_params filter)
[22:34:52.797] [INFO] [timing] _find_record(ScalarVar, version_id='latest'): total=0.005s, sql=0.002s (1 rows), collapse=0.002s, vk_filter=0.000s, bp_filter=0.000s, sort=0.001s, returned=1 rows
[22:34:52.798] [INFO] load_all(ScalarVar): found 1 record(s)
[22:34:52.798] [INFO] [timing] load_all(ScalarVar): pre-yield setup: find=0.005s, dtype_lookup=0.000s, chunks_total=0.000s (sql=0.000s, deserialize=0.000s, n_chunks=1, mode=single_column)
[22:34:52.799] [INFO] [timing] load_all(ScalarVar): TOTAL=0.006s (find=0.005s, chunks=0.000s, yield_body=0.000s for 1 records, caller_overhead~=0.000s)
[22:34:52.827] [INFO] load_all(ScalarVar): metadata={'subject': 20, 'session': 5, 'speed': 10, 'trial': 7}
[22:34:52.830] [DEBUG] _find_record(ScalarVar): SQL returned 1 records, version_id=latest
[22:34:52.830] [DEBUG] _find_record: record 97427b8273e26bfa: version_keys = {}
[22:34:52.832] [DEBUG] _find_record(ScalarVar): 1 record(s) matched (before branch_params filter)
[22:34:52.833] [INFO] [timing] _find_record(ScalarVar, version_id='latest'): total=0.005s, sql=0.002s (1 rows), collapse=0.002s, vk_filter=0.000s, bp_filter=0.000s, sort=0.001s, returned=1 rows
[22:34:52.833] [INFO] load_all(ScalarVar): found 1 record(s)
[22:34:52.834] [INFO] [timing] load_all(ScalarVar): pre-yield setup: find=0.005s, dtype_lookup=0.000s, chunks_total=0.000s (sql=0.000s, deserialize=0.000s, n_chunks=1, mode=single_column)
[22:34:52.834] [INFO] [timing] load_all(ScalarVar): TOTAL=0.006s (find=0.005s, chunks=0.000s, yield_body=0.000s for 1 records, caller_overhead~=0.000s)
