[17:23:15.447] [INFO] configure_database: path=C:\Users\mtillman\AppData\Local\Temp\tp8488211d_e824_4d15_861c_c7a8b5084d64\test.duckdb, schema_keys=['subject', 'session', 'speed', 'trial']
[17:23:15.450] [INFO] MATLAB: configure_database — DuckDB lock ACQUIRED: C:\Users\mtillman\AppData\Local\Temp\tp8488211d_e824_4d15_861c_c7a8b5084d64\test.duckdb
[17:23:15.479] [DEBUG] to_python: processing table column 1/2 "x" (class=double, size=[60   1])
[17:23:15.481] [DEBUG] to_python: processing table column 2/2 "y" (class=double, size=[60   1])
[17:23:15.484] [INFO] [timing] save_from_table(TableVar): data_convert=0.008s, mode=vertcat, n=20
[17:23:15.488] [DEBUG] [timing] save_batch_bridge(TableVar): n=20, mode=vertcat_df, split=0.001s, assembly=0.000s
[17:23:15.489] [INFO] save_batch(TableVar): 20 items, mode=dataframe, data: DataFrame 3x2 cols=['x', 'y'], DuckDB columns: [x: DOUBLE, y: DOUBLE]
[17:23:15.543] [INFO] [timing] save_batch(TableVar): 20 items (60 new rows, 60 total storage rows), 20 schemas, 0.054s
[17:23:15.544] [DEBUG]   save_batch 1_setup                        0.020s
[17:23:15.545] [DEBUG]   save_batch 2_split_metadata               0.000s
[17:23:15.546] [DEBUG]   save_batch 3_schema_resolution            0.005s
[17:23:15.547] [DEBUG]   save_batch 4_per_row_hashing              0.003s
[17:23:15.548] [DEBUG]   save_batch 4a_canonical_hash              0.001s
[17:23:15.549] [DEBUG]   save_batch 4b_record_id                   0.000s
[17:23:15.550] [DEBUG]   save_batch 4c_storage_row                 0.001s
[17:23:15.551] [DEBUG]   save_batch 4d_meta_row                    0.000s
[17:23:15.551] [DEBUG]   save_batch 5_dedup_check                  0.002s
[17:23:15.552] [DEBUG]   save_batch 6a_data_df_create              0.000s
[17:23:15.553] [DEBUG]   save_batch 6b_data_insert                 0.001s
[17:23:15.554] [DEBUG]   save_batch 6c_meta_insert                 0.014s
[17:23:15.555] [DEBUG]   save_batch 6d_variables_upsert            0.006s
[17:23:15.556] [DEBUG]   save_batch 6e_commit                      0.001s
[17:23:15.557] [DEBUG]   save_batch 6_batch_inserts                0.024s
[17:23:15.557] [DEBUG]   save_batch total                          0.054s
[17:23:15.558] [INFO] [timing] save_batch_bridge(TableVar): n=20, mode=vertcat_df, split=0.001s, total=0.072s
[17:23:15.563] [INFO] load(TableVar): metadata={'subject': 1, 'session': 1, 'speed': 1, 'trial': 1}
[17:23:15.570] [DEBUG] _find_record(TableVar): SQL returned 1 records, version_id=latest
[17:23:15.572] [DEBUG] _find_record: record 3f5506cf567557d5: version_keys = {}
[17:23:15.578] [DEBUG] _find_record(TableVar): 1 record(s) matched (before branch_params filter)
[17:23:15.586] [INFO] [timing] _find_record(TableVar, version_id='latest'): total=0.020s, sql=0.006s (1 rows), collapse=0.008s, vk_filter=0.000s, bp_filter=0.000s, sort=0.006s, returned=1 rows
[17:23:15.587] [INFO] load(TableVar): found 1 record(s)
[17:23:15.591] [INFO] [timing] load(TableVar): pre-yield setup: find=0.023s, dtype_lookup=0.001s, chunks_total=0.003s (sql=0.001s, deserialize=0.002s, n_chunks=1, mode=dataframe)
[17:23:15.593] [INFO] [timing] load(TableVar): TOTAL=0.030s (find=0.023s, chunks=0.003s, yield_body=0.000s for 1 records, caller_overhead~=0.003s)
[17:23:15.595] [DEBUG] wrap_batch_bridge: found 0 object-dtype columns to check
[17:23:15.596] [DEBUG] wrap_batch_bridge: no array columns found to optimize
[17:23:15.599] [DEBUG] wrap_py_vars_batch: using concat_df fast path...
[17:23:15.600] [DEBUG] convert_dataframe: got columns, converting to cell...
[17:23:15.601] [DEBUG] convert_dataframe: 2 columns: x, y
[17:23:15.602] [DEBUG] convert_dataframe: getting row count...
[17:23:15.604] [DEBUG] convert_dataframe: py_len type = py.int, n_rows = 3
[17:23:15.605] [DEBUG] convert_dataframe: converting DataFrame with 3 rows, 2 columns
[17:23:15.606] [DEBUG] convert_dataframe: column 1 - getting column "x"
[17:23:15.607] [DEBUG] convert_dataframe: column 1 - got column, getting dtype...
[17:23:15.608] [DEBUG] convert_dataframe: got dtype object
[17:23:15.609] [DEBUG] convert_dataframe: converted dtype to py.str
[17:23:15.610] [DEBUG] convert_dataframe: converted py.str to char
[17:23:15.611] [DEBUG] convert_dataframe: converted char to string: float64
[17:23:15.612] [DEBUG] convert_dataframe: column 1/2 "x" dtype=float64
[17:23:15.613] [DEBUG] convert_dataframe: column 1 - default branch, calling to_numpy()
[17:23:15.615] [DEBUG] convert_dataframe: column 1 - to_numpy() succeeded, calling from_python
[17:23:15.616] [DEBUG] from_python: numpy array dtype=float64, shape=[3], ndim=1
[17:23:15.617] [DEBUG] from_python: tolist() succeeded, converting to MATLAB...
[17:23:15.618] [DEBUG] from_python: numpy conversion complete, result class=double size=[3  1]
[17:23:15.619] [DEBUG] convert_dataframe: column 1 - from_python succeeded
[17:23:15.620] [DEBUG] convert_dataframe: column 2 - getting column "y"
[17:23:15.621] [DEBUG] convert_dataframe: column 2 - got column, getting dtype...
[17:23:15.622] [DEBUG] convert_dataframe: got dtype object
[17:23:15.623] [DEBUG] convert_dataframe: converted dtype to py.str
[17:23:15.624] [DEBUG] convert_dataframe: converted py.str to char
[17:23:15.625] [DEBUG] convert_dataframe: converted char to string: float64
[17:23:15.626] [DEBUG] convert_dataframe: column 2/2 "y" dtype=float64
[17:23:15.627] [DEBUG] convert_dataframe: column 2 - default branch, calling to_numpy()
[17:23:15.628] [DEBUG] convert_dataframe: column 2 - to_numpy() succeeded, calling from_python
[17:23:15.630] [DEBUG] from_python: numpy array dtype=float64, shape=[3], ndim=1
[17:23:15.631] [DEBUG] from_python: tolist() succeeded, converting to MATLAB...
[17:23:15.632] [DEBUG] from_python: numpy conversion complete, result class=double size=[3  1]
[17:23:15.634] [DEBUG] convert_dataframe: column 2 - from_python succeeded
[17:23:15.636] [DEBUG] from_python: numpy array dtype=int64, shape=[1], ndim=1
[17:23:15.638] [DEBUG] from_python: tolist() succeeded, converting to MATLAB...
[17:23:15.639] [DEBUG] from_python: numpy conversion complete, result class=double size=[1  1]
[17:23:15.640] [DEBUG] wrap_py_vars_batch: concat_df has 3 rows, split into 1 tables
