[11:48:49.423] [INFO] configure_database: path=/private/var/folders/hx/ql6ztbg12wg_5d8k27g3wxq40000gn/T/tp4ddf9a0d_4e13_484f_90a3_80fda07aa8a1/test.duckdb, schema_keys=['subject', 'session', 'speed', 'trial']
[11:48:49.426] [INFO] MATLAB: configure_database — DuckDB lock ACQUIRED: /private/var/folders/hx/ql6ztbg12wg_5d8k27g3wxq40000gn/T/tp4ddf9a0d_4e13_484f_90a3_80fda07aa8a1/test.duckdb
[11:49:00.793] [INFO] [timing] save_from_table(DummyMixed): data_convert=1.794s, mode=vertcat, n=7000
[11:49:00.966] [DEBUG] [timing] save_batch_bridge(DummyMixed): n=7000, mode=vertcat_df, split=0.168s, assembly=0.003s
[11:49:00.967] [INFO] save_batch(DummyMixed): 7000 items, mode=dataframe, data: DataFrame 1x54 cols=['dbl_01', 'dbl_02', 'dbl_03', 'dbl_04', 'dbl_05', 'dbl_06', 'dbl_07', 'dbl_08', 'dbl_09', 'dbl_10', 'dbl_11', 'dbl_12', 'dbl_13', 'dbl_14', 'dbl_15', 'dbl_16', 'dbl_17', 'dbl_18', 'dbl_19', 'dbl_20', 'dbl_21', 'dbl_22', 'dbl_23', 'dbl_24', 'dbl_25', 'dbl_26', 'dbl_27', 'arr_01', 'arr_02', 'arr_03', 'arr_04', 'arr_05', 'arr_06', 'arr_07', 'arr_08', 'arr_09', 'arr_10', 'arr_11', 'arr_12', 'arr_13', 'arr_14', 'arr_15', 'arr_16', 'arr_17', 'arr_18', 'arr_19', 'arr_20', 'arr_21', 'arr_22', 'arr_23', 'arr_24', 'arr_25', 'json_01', 'json_02'], DuckDB columns: [dbl_01: DOUBLE, dbl_02: DOUBLE, dbl_03: DOUBLE, dbl_04: DOUBLE, dbl_05: DOUBLE, dbl_06: DOUBLE, dbl_07: DOUBLE, dbl_08: DOUBLE, dbl_09: DOUBLE, dbl_10: DOUBLE, dbl_11: DOUBLE, dbl_12: DOUBLE, dbl_13: DOUBLE, dbl_14: DOUBLE, dbl_15: DOUBLE, dbl_16: DOUBLE, dbl_17: DOUBLE, dbl_18: DOUBLE, dbl_19: DOUBLE, dbl_20: DOUBLE, dbl_21: DOUBLE, dbl_22: DOUBLE, dbl_23: DOUBLE, dbl_24: DOUBLE, dbl_25: DOUBLE, dbl_26: DOUBLE, dbl_27: DOUBLE, arr_01: DOUBLE[], arr_02: DOUBLE[], arr_03: DOUBLE[], arr_04: DOUBLE[], arr_05: DOUBLE[], arr_06: DOUBLE[], arr_07: DOUBLE[], arr_08: DOUBLE[], arr_09: DOUBLE[], arr_10: DOUBLE[], arr_11: DOUBLE[], arr_12: DOUBLE[], arr_13: DOUBLE[], arr_14: DOUBLE[], arr_15: DOUBLE[], arr_16: DOUBLE[], arr_17: DOUBLE[], arr_18: DOUBLE[], arr_19: DOUBLE[], arr_20: DOUBLE[], arr_21: DOUBLE[], arr_22: DOUBLE[], arr_23: DOUBLE[], arr_24: DOUBLE[], arr_25: DOUBLE[], json_01: JSON, json_02: JSON]
[11:49:05.223] [INFO] [timing] save_batch(DummyMixed): 7000 items (7000 new rows, 7000 total storage rows), 7000 schemas, 4.257s
[11:49:05.223] [DEBUG]   save_batch 1_setup                        0.003s
[11:49:05.223] [DEBUG]   save_batch 2_split_metadata               0.016s
[11:49:05.223] [DEBUG]   save_batch 3_schema_resolution            0.026s
[11:49:05.223] [DEBUG]   save_batch 4_per_row_hashing              0.533s
[11:49:05.224] [DEBUG]   save_batch 4a_canonical_hash              0.277s
[11:49:05.224] [DEBUG]   save_batch 4b_record_id                   0.067s
[11:49:05.224] [DEBUG]   save_batch 4c_storage_row                 0.174s
[11:49:05.224] [DEBUG]   save_batch 4d_meta_row                    0.000s
[11:49:05.224] [DEBUG]   save_batch 5_dedup_check                  0.048s
[11:49:05.224] [DEBUG]   save_batch 6a_data_df_create              0.013s
[11:49:05.224] [DEBUG]   save_batch 6b_data_insert                 0.120s
[11:49:05.224] [DEBUG]   save_batch 6c_meta_insert                 3.331s
[11:49:05.224] [DEBUG]   save_batch 6d_variables_upsert            0.001s
[11:49:05.224] [DEBUG]   save_batch 6e_commit                      0.167s
[11:49:05.224] [DEBUG]   save_batch 6_batch_inserts                3.631s
[11:49:05.224] [DEBUG]   save_batch total                          4.257s
[11:49:05.231] [INFO] [timing] save_batch_bridge(DummyMixed): n=7000, mode=vertcat_df, split=0.168s, total=4.436s
[11:49:05.275] [INFO] load(DummyMixed): metadata={'subject': 1, 'session': 1, 'speed': 1, 'trial': 1}
[11:49:05.280] [DEBUG] _find_record(DummyMixed): SQL returned 1 records, version_id=latest
[11:49:05.284] [INFO] [timing] _find_record(DummyMixed, version_id='latest'): total=0.009s, sql=0.005s (1 rows), collapse=0.003s, vk_filter=0.000s, bp_filter=0.000s, sort=0.001s, returned=1 rows
[11:49:05.284] [INFO] load(DummyMixed): found 1 record(s)
[11:49:05.288] [INFO] [timing] load(DummyMixed): pre-yield setup: find=0.010s, dtype_lookup=0.000s, chunks_total=0.003s (sql=0.002s, deserialize=0.001s, n_chunks=1, mode=dataframe)
[11:49:05.289] [INFO] [timing] load(DummyMixed): TOTAL=0.014s (find=0.010s, chunks=0.003s, yield_body=0.000s for 1 records, caller_overhead~=0.001s)
[11:49:05.289] [DEBUG] wrap_batch_bridge: found 27 object-dtype columns to check
[11:49:05.289] [DEBUG] wrap_batch_bridge: column "arr_01" first value type: ndarray
[11:49:05.289] [DEBUG] wrap_batch_bridge: flattening column "arr_01"...
[11:49:05.289] [DEBUG] wrap_batch_bridge: column "arr_01" flattened: 10 total elements in 1 arrays
[11:49:05.289] [DEBUG] wrap_batch_bridge: column "arr_02" first value type: ndarray
[11:49:05.289] [DEBUG] wrap_batch_bridge: flattening column "arr_02"...
[11:49:05.290] [DEBUG] wrap_batch_bridge: column "arr_02" flattened: 10 total elements in 1 arrays
[11:49:05.290] [DEBUG] wrap_batch_bridge: column "arr_03" first value type: ndarray
[11:49:05.290] [DEBUG] wrap_batch_bridge: flattening column "arr_03"...
[11:49:05.290] [DEBUG] wrap_batch_bridge: column "arr_03" flattened: 10 total elements in 1 arrays
[11:49:05.290] [DEBUG] wrap_batch_bridge: column "arr_04" first value type: ndarray
[11:49:05.290] [DEBUG] wrap_batch_bridge: flattening column "arr_04"...
[11:49:05.290] [DEBUG] wrap_batch_bridge: column "arr_04" flattened: 10 total elements in 1 arrays
[11:49:05.290] [DEBUG] wrap_batch_bridge: column "arr_05" first value type: ndarray
[11:49:05.290] [DEBUG] wrap_batch_bridge: flattening column "arr_05"...
[11:49:05.290] [DEBUG] wrap_batch_bridge: column "arr_05" flattened: 10 total elements in 1 arrays
[11:49:05.290] [DEBUG] wrap_batch_bridge: column "arr_06" first value type: ndarray
[11:49:05.290] [DEBUG] wrap_batch_bridge: flattening column "arr_06"...
[11:49:05.290] [DEBUG] wrap_batch_bridge: column "arr_06" flattened: 10 total elements in 1 arrays
[11:49:05.290] [DEBUG] wrap_batch_bridge: column "arr_07" first value type: ndarray
[11:49:05.290] [DEBUG] wrap_batch_bridge: flattening column "arr_07"...
[11:49:05.290] [DEBUG] wrap_batch_bridge: column "arr_07" flattened: 10 total elements in 1 arrays
[11:49:05.290] [DEBUG] wrap_batch_bridge: column "arr_08" first value type: ndarray
[11:49:05.290] [DEBUG] wrap_batch_bridge: flattening column "arr_08"...
[11:49:05.291] [DEBUG] wrap_batch_bridge: column "arr_08" flattened: 10 total elements in 1 arrays
[11:49:05.291] [DEBUG] wrap_batch_bridge: column "arr_09" first value type: ndarray
[11:49:05.291] [DEBUG] wrap_batch_bridge: flattening column "arr_09"...
[11:49:05.291] [DEBUG] wrap_batch_bridge: column "arr_09" flattened: 10 total elements in 1 arrays
[11:49:05.291] [DEBUG] wrap_batch_bridge: column "arr_10" first value type: ndarray
[11:49:05.291] [DEBUG] wrap_batch_bridge: flattening column "arr_10"...
[11:49:05.291] [DEBUG] wrap_batch_bridge: column "arr_10" flattened: 10 total elements in 1 arrays
[11:49:05.291] [DEBUG] wrap_batch_bridge: column "arr_11" first value type: ndarray
[11:49:05.291] [DEBUG] wrap_batch_bridge: flattening column "arr_11"...
[11:49:05.291] [DEBUG] wrap_batch_bridge: column "arr_11" flattened: 10 total elements in 1 arrays
[11:49:05.291] [DEBUG] wrap_batch_bridge: column "arr_12" first value type: ndarray
[11:49:05.291] [DEBUG] wrap_batch_bridge: flattening column "arr_12"...
[11:49:05.291] [DEBUG] wrap_batch_bridge: column "arr_12" flattened: 10 total elements in 1 arrays
[11:49:05.291] [DEBUG] wrap_batch_bridge: column "arr_13" first value type: ndarray
[11:49:05.291] [DEBUG] wrap_batch_bridge: flattening column "arr_13"...
[11:49:05.291] [DEBUG] wrap_batch_bridge: column "arr_13" flattened: 10 total elements in 1 arrays
[11:49:05.291] [DEBUG] wrap_batch_bridge: column "arr_14" first value type: ndarray
[11:49:05.291] [DEBUG] wrap_batch_bridge: flattening column "arr_14"...
[11:49:05.291] [DEBUG] wrap_batch_bridge: column "arr_14" flattened: 10 total elements in 1 arrays
[11:49:05.291] [DEBUG] wrap_batch_bridge: column "arr_15" first value type: ndarray
[11:49:05.291] [DEBUG] wrap_batch_bridge: flattening column "arr_15"...
[11:49:05.292] [DEBUG] wrap_batch_bridge: column "arr_15" flattened: 10 total elements in 1 arrays
[11:49:05.292] [DEBUG] wrap_batch_bridge: column "arr_16" first value type: ndarray
[11:49:05.292] [DEBUG] wrap_batch_bridge: flattening column "arr_16"...
[11:49:05.292] [DEBUG] wrap_batch_bridge: column "arr_16" flattened: 10 total elements in 1 arrays
[11:49:05.292] [DEBUG] wrap_batch_bridge: column "arr_17" first value type: ndarray
[11:49:05.292] [DEBUG] wrap_batch_bridge: flattening column "arr_17"...
[11:49:05.292] [DEBUG] wrap_batch_bridge: column "arr_17" flattened: 10 total elements in 1 arrays
[11:49:05.292] [DEBUG] wrap_batch_bridge: column "arr_18" first value type: ndarray
[11:49:05.292] [DEBUG] wrap_batch_bridge: flattening column "arr_18"...
[11:49:05.292] [DEBUG] wrap_batch_bridge: column "arr_18" flattened: 10 total elements in 1 arrays
[11:49:05.292] [DEBUG] wrap_batch_bridge: column "arr_19" first value type: ndarray
[11:49:05.292] [DEBUG] wrap_batch_bridge: flattening column "arr_19"...
[11:49:05.292] [DEBUG] wrap_batch_bridge: column "arr_19" flattened: 10 total elements in 1 arrays
[11:49:05.292] [DEBUG] wrap_batch_bridge: column "arr_20" first value type: ndarray
[11:49:05.292] [DEBUG] wrap_batch_bridge: flattening column "arr_20"...
[11:49:05.292] [DEBUG] wrap_batch_bridge: column "arr_20" flattened: 10 total elements in 1 arrays
[11:49:05.292] [DEBUG] wrap_batch_bridge: column "arr_21" first value type: ndarray
[11:49:05.292] [DEBUG] wrap_batch_bridge: flattening column "arr_21"...
[11:49:05.293] [DEBUG] wrap_batch_bridge: column "arr_21" flattened: 10 total elements in 1 arrays
[11:49:05.293] [DEBUG] wrap_batch_bridge: column "arr_22" first value type: ndarray
[11:49:05.293] [DEBUG] wrap_batch_bridge: flattening column "arr_22"...
[11:49:05.293] [DEBUG] wrap_batch_bridge: column "arr_22" flattened: 10 total elements in 1 arrays
[11:49:05.293] [DEBUG] wrap_batch_bridge: column "arr_23" first value type: ndarray
[11:49:05.293] [DEBUG] wrap_batch_bridge: flattening column "arr_23"...
[11:49:05.293] [DEBUG] wrap_batch_bridge: column "arr_23" flattened: 10 total elements in 1 arrays
[11:49:05.293] [DEBUG] wrap_batch_bridge: column "arr_24" first value type: ndarray
[11:49:05.293] [DEBUG] wrap_batch_bridge: flattening column "arr_24"...
[11:49:05.293] [DEBUG] wrap_batch_bridge: column "arr_24" flattened: 10 total elements in 1 arrays
[11:49:05.293] [DEBUG] wrap_batch_bridge: column "arr_25" first value type: ndarray
[11:49:05.293] [DEBUG] wrap_batch_bridge: flattening column "arr_25"...
[11:49:05.293] [DEBUG] wrap_batch_bridge: column "arr_25" flattened: 10 total elements in 1 arrays
[11:49:05.293] [DEBUG] wrap_batch_bridge: column "json_01" first value type: dict
[11:49:05.293] [DEBUG] wrap_batch_bridge: column "json_01" contains dicts, serializing to JSON...
[11:49:05.293] [DEBUG] wrap_batch_bridge: column "json_01" serialized to JSON strings
[11:49:05.293] [DEBUG] wrap_batch_bridge: column "json_02" first value type: dict
[11:49:05.293] [DEBUG] wrap_batch_bridge: column "json_02" contains dicts, serializing to JSON...
[11:49:05.293] [DEBUG] wrap_batch_bridge: column "json_02" serialized to JSON strings
[11:49:05.294] [INFO] wrap_batch_bridge: optimized 27 array columns for MATLAB transfer: ['arr_01', 'arr_02', 'arr_03', 'arr_04', 'arr_05']
[11:49:05.814] [INFO] wrap_py_vars_batch: reconstructed 25 flattened array columns
[11:49:05.829] [INFO] wrap_py_vars_batch: parsed 2 JSON columns to structs
