[23:10:29.124] [INFO] configure_database: path=/private/var/folders/hx/ql6ztbg12wg_5d8k27g3wxq40000gn/T/tp4173ac9d_71f5_46c5_bf9c_a0151f8ca346/test.duckdb, schema_keys=['subject', 'session', 'speed', 'trial']
[23:10:29.125] [INFO] MATLAB: configure_database — DuckDB lock ACQUIRED: /private/var/folders/hx/ql6ztbg12wg_5d8k27g3wxq40000gn/T/tp4173ac9d_71f5_46c5_bf9c_a0151f8ca346/test.duckdb
[23:10:29.183] [INFO] [timing] save_from_table(TableVar): data_convert=0.023s, mode=vertcat, n=20
[23:10:29.185] [DEBUG] [timing] save_batch_bridge(TableVar): n=20, mode=vertcat_df, split=0.000s, assembly=0.000s
[23:10:29.185] [INFO] save_batch(TableVar): 20 items, mode=dataframe, data: DataFrame 3x2 cols=['x', 'y'], DuckDB columns: [x: DOUBLE, y: DOUBLE]
[23:10:29.199] [INFO] [timing] save_batch(TableVar): 20 items (60 new rows, 60 total storage rows), 20 schemas, 0.014s
[23:10:29.199] [DEBUG]   save_batch 1_setup                        0.007s
[23:10:29.200] [DEBUG]   save_batch 2_split_metadata               0.000s
[23:10:29.200] [DEBUG]   save_batch 3_schema_resolution            0.001s
[23:10:29.200] [DEBUG]   save_batch 4_per_row_hashing              0.001s
[23:10:29.200] [DEBUG]   save_batch 4a_canonical_hash              0.000s
[23:10:29.200] [DEBUG]   save_batch 4b_record_id                   0.000s
[23:10:29.200] [DEBUG]   save_batch 4c_storage_row                 0.000s
[23:10:29.200] [DEBUG]   save_batch 4d_meta_row                    0.000s
[23:10:29.200] [DEBUG]   save_batch 5_dedup_check                  0.001s
[23:10:29.200] [DEBUG]   save_batch 6a_data_df_create              0.000s
[23:10:29.200] [DEBUG]   save_batch 6b_data_insert                 0.000s
[23:10:29.200] [DEBUG]   save_batch 6c_meta_insert                 0.002s
[23:10:29.200] [DEBUG]   save_batch 6d_variables_upsert            0.001s
[23:10:29.200] [DEBUG]   save_batch 6e_commit                      0.000s
[23:10:29.200] [DEBUG]   save_batch 6_batch_inserts                0.004s
[23:10:29.200] [DEBUG]   save_batch total                          0.014s
[23:10:29.200] [INFO] [timing] save_batch_bridge(TableVar): n=20, mode=vertcat_df, split=0.000s, total=0.015s
[23:10:29.207] [INFO] load(TableVar): metadata={'subject': 1, 'session': 1, 'speed': 1, 'trial': 1}
[23:10:29.210] [DEBUG] _find_record(TableVar): SQL returned 1 records, version_id=latest
[23:10:29.210] [DEBUG] _find_record: record 3f5506cf567557d5: version_keys = {}
[23:10:29.212] [DEBUG] _find_record(TableVar): 1 record(s) matched (before branch_params filter)
[23:10:29.213] [INFO] [timing] _find_record(TableVar, version_id='latest'): total=0.005s, sql=0.002s (1 rows), collapse=0.002s, vk_filter=0.000s, bp_filter=0.000s, sort=0.001s, returned=1 rows
[23:10:29.213] [INFO] load(TableVar): found 1 record(s)
[23:10:29.214] [INFO] [timing] load(TableVar): pre-yield setup: find=0.005s, dtype_lookup=0.000s, chunks_total=0.001s (sql=0.000s, deserialize=0.001s, n_chunks=1, mode=dataframe)
[23:10:29.215] [INFO] [timing] load(TableVar): TOTAL=0.007s (find=0.005s, chunks=0.001s, yield_body=0.000s for 1 records, caller_overhead~=0.000s)
[23:10:29.215] [DEBUG] wrap_batch_bridge: found 0 object-dtype columns to check
[23:10:29.215] [DEBUG] wrap_batch_bridge: no array columns found to optimize
