[23:41:47.592] [INFO] configure_database: path=/private/var/folders/hx/ql6ztbg12wg_5d8k27g3wxq40000gn/T/tpa756b801_0dd1_4789_a077_8d3e8578d59e/test.duckdb, schema_keys=['subject', 'session', 'speed', 'trial']
[23:41:47.592] [INFO] MATLAB: configure_database — DuckDB lock ACQUIRED: /private/var/folders/hx/ql6ztbg12wg_5d8k27g3wxq40000gn/T/tpa756b801_0dd1_4789_a077_8d3e8578d59e/test.duckdb
[23:41:47.644] [INFO] [timing] save_from_table(ScalarVar): data_convert=0.024s, mode=flatten, n=7000
[23:41:47.649] [DEBUG] [timing] save_batch_bridge(ScalarVar): n=7000, mode=list, split=0.000s, assembly=0.003s
[23:41:47.650] [INFO] save_batch(ScalarVar): 7000 items, mode=single_column, data: list len=2, DuckDB columns: [value: DOUBLE[]]
[23:41:47.883] [INFO] [timing] save_batch(ScalarVar): 7000 items (7000 new rows, 7000 total storage rows), 7000 schemas, 0.233s
[23:41:47.883] [DEBUG]   save_batch 1_setup                        0.007s
[23:41:47.883] [DEBUG]   save_batch 2_split_metadata               0.016s
[23:41:47.883] [DEBUG]   save_batch 3_schema_resolution            0.025s
[23:41:47.883] [DEBUG]   save_batch 4_per_row_hashing              0.156s
[23:41:47.883] [DEBUG]   save_batch 4a_canonical_hash              0.056s
[23:41:47.883] [DEBUG]   save_batch 4b_record_id                   0.067s
[23:41:47.883] [DEBUG]   save_batch 4c_storage_row                 0.003s
[23:41:47.883] [DEBUG]   save_batch 4d_meta_row                    0.016s
[23:41:47.883] [DEBUG]   save_batch 5_dedup_check                  0.000s
[23:41:47.883] [DEBUG]   save_batch 6a_data_df_create              0.001s
[23:41:47.883] [DEBUG]   save_batch 6b_data_insert                 0.007s
[23:41:47.883] [DEBUG]   save_batch 6c_meta_insert                 0.013s
[23:41:47.883] [DEBUG]   save_batch 6d_variables_upsert            0.001s
[23:41:47.883] [DEBUG]   save_batch 6e_commit                      0.008s
[23:41:47.883] [DEBUG]   save_batch 6_batch_inserts                0.029s
[23:41:47.884] [DEBUG]   save_batch total                          0.233s
[23:41:47.886] [INFO] [timing] save_batch_bridge(ScalarVar): n=7000, mode=list, split=0.000s, total=0.239s
[23:41:47.893] [INFO] load(ScalarVar): metadata={'subject': 1, 'session': 1, 'speed': 1, 'trial': 1}
[23:41:47.896] [DEBUG] _find_record(ScalarVar): SQL returned 1 records, version_id=latest
[23:41:47.896] [DEBUG] _find_record: record 558c25c19d48184f: version_keys = {}
[23:41:47.897] [DEBUG] _find_record(ScalarVar): 1 record(s) matched (before branch_params filter)
[23:41:47.898] [INFO] [timing] _find_record(ScalarVar, version_id='latest'): total=0.005s, sql=0.002s (1 rows), collapse=0.002s, vk_filter=0.000s, bp_filter=0.000s, sort=0.001s, returned=1 rows
[23:41:47.899] [INFO] load(ScalarVar): found 1 record(s)
[23:41:47.899] [INFO] [timing] load(ScalarVar): pre-yield setup: find=0.005s, dtype_lookup=0.000s, chunks_total=0.000s (sql=0.000s, deserialize=0.000s, n_chunks=1, mode=single_column)
[23:41:47.900] [INFO] [timing] load(ScalarVar): TOTAL=0.006s (find=0.005s, chunks=0.000s, yield_body=0.000s for 1 records, caller_overhead~=0.000s)
[23:41:47.924] [INFO] load(ScalarVar): metadata={'subject': 20, 'session': 5, 'speed': 10, 'trial': 1}
[23:41:47.927] [DEBUG] _find_record(ScalarVar): SQL returned 1 records, version_id=latest
[23:41:47.928] [DEBUG] _find_record: record 81396918e149c769: version_keys = {}
[23:41:47.929] [DEBUG] _find_record(ScalarVar): 1 record(s) matched (before branch_params filter)
[23:41:47.930] [INFO] [timing] _find_record(ScalarVar, version_id='latest'): total=0.005s, sql=0.003s (1 rows), collapse=0.002s, vk_filter=0.000s, bp_filter=0.000s, sort=0.001s, returned=1 rows
[23:41:47.930] [INFO] load(ScalarVar): found 1 record(s)
[23:41:47.931] [INFO] [timing] load(ScalarVar): pre-yield setup: find=0.006s, dtype_lookup=0.000s, chunks_total=0.000s (sql=0.000s, deserialize=0.000s, n_chunks=1, mode=single_column)
[23:41:47.931] [INFO] [timing] load(ScalarVar): TOTAL=0.007s (find=0.006s, chunks=0.000s, yield_body=0.000s for 1 records, caller_overhead~=0.000s)
[23:41:47.950] [INFO] load(ScalarVar): metadata={'subject': 20, 'session': 5, 'speed': 10, 'trial': 7}
[23:41:47.953] [DEBUG] _find_record(ScalarVar): SQL returned 1 records, version_id=latest
[23:41:47.954] [DEBUG] _find_record: record 97427b8273e26bfa: version_keys = {}
[23:41:47.955] [DEBUG] _find_record(ScalarVar): 1 record(s) matched (before branch_params filter)
[23:41:47.956] [INFO] [timing] _find_record(ScalarVar, version_id='latest'): total=0.006s, sql=0.003s (1 rows), collapse=0.002s, vk_filter=0.000s, bp_filter=0.000s, sort=0.001s, returned=1 rows
[23:41:47.956] [INFO] load(ScalarVar): found 1 record(s)
[23:41:47.957] [INFO] [timing] load(ScalarVar): pre-yield setup: find=0.006s, dtype_lookup=0.000s, chunks_total=0.000s (sql=0.000s, deserialize=0.000s, n_chunks=1, mode=single_column)
[23:41:47.958] [INFO] [timing] load(ScalarVar): TOTAL=0.007s (find=0.006s, chunks=0.000s, yield_body=0.000s for 1 records, caller_overhead~=0.000s)
