[15:11:56.632] [INFO] configure_database: path=/private/var/folders/hx/ql6ztbg12wg_5d8k27g3wxq40000gn/T/tpacc10c19_2988_43e4_8808_5d5c828daf99/test.duckdb, schema_keys=['subject', 'session', 'trial']
[15:11:56.634] [INFO] MATLAB: configure_database — DuckDB lock ACQUIRED: /private/var/folders/hx/ql6ztbg12wg_5d8k27g3wxq40000gn/T/tpacc10c19_2988_43e4_8808_5d5c828daf99/test.duckdb
[15:11:56.701] [INFO] [timing] save_from_table(TableVar): data_convert=0.013s, mode=vertcat, n=20
[15:11:56.703] [DEBUG] [timing] save_batch_bridge(TableVar): n=20, mode=vertcat_df, split=0.000s, assembly=0.000s
[15:11:56.704] [INFO] save_batch(TableVar): 20 items, mode=dataframe, data: DataFrame 3x2 cols=['x', 'y'], DuckDB columns: [x: DOUBLE, y: DOUBLE]
[15:11:56.724] [INFO] [timing] save_batch(TableVar): 20 items (60 new rows, 60 total storage rows), 20 schemas, 0.021s
[15:11:56.724] [DEBUG]   save_batch 1_setup                        0.012s
[15:11:56.724] [DEBUG]   save_batch 2_split_metadata               0.000s
[15:11:56.724] [DEBUG]   save_batch 3_schema_resolution            0.002s
[15:11:56.724] [DEBUG]   save_batch 4_per_row_hashing              0.002s
[15:11:56.724] [DEBUG]   save_batch 4a_canonical_hash              0.000s
[15:11:56.724] [DEBUG]   save_batch 4b_record_id                   0.000s
[15:11:56.724] [DEBUG]   save_batch 4c_storage_row                 0.001s
[15:11:56.724] [DEBUG]   save_batch 4d_meta_row                    0.000s
[15:11:56.724] [DEBUG]   save_batch 5_dedup_check                  0.001s
[15:11:56.724] [DEBUG]   save_batch 6a_data_df_create              0.000s
[15:11:56.724] [DEBUG]   save_batch 6b_data_insert                 0.001s
[15:11:56.724] [DEBUG]   save_batch 6c_meta_insert                 0.003s
[15:11:56.724] [DEBUG]   save_batch 6d_variables_upsert            0.001s
[15:11:56.724] [DEBUG]   save_batch 6e_commit                      0.000s
[15:11:56.724] [DEBUG]   save_batch 6_batch_inserts                0.005s
[15:11:56.724] [DEBUG]   save_batch total                          0.021s
[15:11:56.724] [INFO] [timing] save_batch_bridge(TableVar): n=20, mode=vertcat_df, split=0.000s, total=0.022s
[15:11:56.726] [INFO] load_all(TableVar): metadata={'subject': 1, 'session': 1, 'trial': 1}
[15:11:56.727] [DEBUG] _find_record(TableVar): SQL returned 1 records, version_id=latest
[15:11:56.728] [DEBUG] _find_record: record c5a650f638b32d78: version_keys = {}
[15:11:56.729] [DEBUG] _find_record(TableVar): 1 record(s) matched (before branch_params filter)
[15:11:56.730] [INFO] [timing] _find_record(TableVar, version_id='latest'): total=0.004s, sql=0.002s (1 rows), collapse=0.002s, vk_filter=0.000s, bp_filter=0.000s, sort=0.001s, returned=1 rows
[15:11:56.730] [INFO] load_all(TableVar): found 1 record(s)
[15:11:56.731] [INFO] [timing] load_all(TableVar): pre-yield setup: find=0.004s, dtype_lookup=0.000s, chunks_total=0.001s (sql=0.000s, deserialize=0.001s, n_chunks=1, mode=dataframe)
[15:11:56.732] [INFO] [timing] load_all(TableVar): TOTAL=0.006s (find=0.004s, chunks=0.001s, yield_body=0.000s for 1 records, caller_overhead~=0.000s)
[15:11:56.732] [DEBUG] wrap_batch_bridge: found 0 object-dtype columns to check
[15:11:56.732] [DEBUG] wrap_batch_bridge: no array columns found to optimize
