2026-08-20 18:51:50.365 INFO  [scidb] configure_database: path=/home/mtillman/datasets/test_afl.duckdb, schema_keys=['pass', 'cycle'], schema_key_types={} | python=3.13.0, pid=334172, scifor=0.1.22.dev0, sciduckdb=0.1.22.dev0, scilineage=0.1.22.dev0, scistacklog=0.1.22.dev0
2026-08-20 18:51:50.365 INFO  [scistack_gui] [db] create_db complete: new database created at /home/mtillman/datasets/test_afl.duckdb
2026-08-20 18:51:50.379 DEBUG [sciduck] _execute thread=127870796035776 waited=0.0000s tx_owner=None foreign_tx=False sql=CREATE TABLE IF NOT EXISTS _pipeline_nodes ( node_id VARCHAR PRIMARY KEY, node_type VARCHAR NOT NULL, label VARCHAR NOT NULL, config VARCHAR DEFAULT '{}', pipeline_id VARCHAR NOT NULL DEFAULT 'main' )
2026-08-20 18:51:50.394 DEBUG [sciduck] _execute thread=127870796035776 waited=0.0000s tx_owner=None foreign_tx=False sql=CREATE TABLE IF NOT EXISTS _pipeline_edges ( edge_id VARCHAR PRIMARY KEY, source VARCHAR NOT NULL, target VARCHAR NOT NULL, source_handle VARCHAR, target_handle VARCHAR )
2026-08-20 18:51:50.410 DEBUG [sciduck] _execute thread=127870796035776 waited=0.0000s tx_owner=None foreign_tx=False sql=CREATE TABLE IF NOT EXISTS _pipeline_pending_constants ( constant_name VARCHAR NOT NULL, value VARCHAR NOT NULL, PRIMARY KEY (constant_name, value) )
2026-08-20 18:51:50.427 DEBUG [sciduck] _execute thread=127870796035776 waited=0.0000s tx_owner=None foreign_tx=False sql=CREATE TABLE IF NOT EXISTS _pipeline_builtin_functions ( name VARCHAR PRIMARY KEY, language VARCHAR NOT NULL )
2026-08-20 18:51:50.444 DEBUG [sciduck] _execute thread=127870796035776 waited=0.0000s tx_owner=None foreign_tx=False sql=CREATE TABLE IF NOT EXISTS _pipeline_hidden_nodes ( pipeline_id VARCHAR NOT NULL DEFAULT 'main', node_id VARCHAR NOT NULL, PRIMARY KEY (pipeline_id, node_id) )
2026-08-20 18:51:50.473 DEBUG [sciduck] _execute thread=127870796035776 waited=0.0000s tx_owner=None foreign_tx=False sql=CREATE TABLE IF NOT EXISTS _pipeline_hidden_combos ( node_id VARCHAR PRIMARY KEY, function_name VARCHAR NOT NULL, variant_key VARCHAR NOT NULL )
2026-08-20 18:51:50.515 DEBUG [sciduck] _execute thread=127870796035776 waited=0.0000s tx_owner=None foreign_tx=False sql=CREATE TABLE IF NOT EXISTS _pipeline_hidden_edges ( pipeline_id VARCHAR NOT NULL DEFAULT 'main', edge_id VARCHAR NOT NULL, source VARCHAR NOT NULL, target VARCHAR NOT NULL, source_handle VARCHAR, targ...(truncated)
2026-08-20 18:51:50.548 DEBUG [sciduck] _execute thread=127870796035776 waited=0.0000s tx_owner=None foreign_tx=False sql=CREATE TABLE IF NOT EXISTS _pipeline_hidden_ports ( pipeline_id VARCHAR NOT NULL DEFAULT 'main', direction VARCHAR NOT NULL, var_type VARCHAR NOT NULL, PRIMARY KEY (pipeline_id, direction, var_type) )
2026-08-20 18:51:50.582 DEBUG [sciduck] _execute thread=127870796035776 waited=0.0000s tx_owner=None foreign_tx=False sql=CREATE TABLE IF NOT EXISTS _pipelines ( pipeline_id VARCHAR PRIMARY KEY, name VARCHAR NOT NULL, hidden BOOLEAN DEFAULT FALSE )
2026-08-20 18:51:50.615 DEBUG [sciduck] _execute thread=127870796035776 waited=0.0000s tx_owner=None foreign_tx=False sql=CREATE TABLE IF NOT EXISTS _pipeline_uses ( use_id VARCHAR PRIMARY KEY, parent_pipeline_id VARCHAR NOT NULL, child_pipeline_id VARCHAR NOT NULL, binding_json VARCHAR DEFAULT '{}' )
2026-08-20 18:51:50.649 DEBUG [sciduck] _execute thread=127870796035776 waited=0.0000s tx_owner=None foreign_tx=False sql=INSERT INTO _pipelines (pipeline_id, name) VALUES (?, ?) ON CONFLICT DO NOTHING
2026-08-20 18:51:50.691 DEBUG [sciduck] _execute thread=127870796035776 waited=0.0000s tx_owner=None foreign_tx=False sql=CREATE TABLE IF NOT EXISTS _hypotheses ( pipeline_id VARCHAR PRIMARY KEY, research_question VARCHAR DEFAULT '', hypothesis_statement VARCHAR DEFAULT '', evidence_for VARCHAR DEFAULT '[]', evidence_aga...(truncated)
2026-08-20 18:51:50.724 DEBUG [sciduck] _execute thread=127870796035776 waited=0.0000s tx_owner=None foreign_tx=False sql=INSERT INTO _hypotheses (pipeline_id) VALUES (?) ON CONFLICT DO NOTHING
2026-08-20 18:51:50.766 DEBUG [sciduck] _fetchall thread=127870796035776 waited=0.0000s tx_owner=None foreign_tx=False sql=SELECT name, language FROM _pipeline_builtin_functions
2026-08-20 18:51:50.767 INFO  [scistack_gui] [builtin_function_service] Replayed persisted builtins: {'python': 0, 'matlab': 0}
2026-08-20 18:51:50.767 INFO  [scistack_gui] [startup] checking lockfile staleness for project: /home/mtillman/datasets
2026-08-20 18:51:50.767 DEBUG [scistack_gui] [startup] no pyproject.toml at /home/mtillman/datasets — skipping lockfile staleness check
2026-08-20 18:51:50.768 INFO  [scistack_gui] [bootstrap] project ready: /home/mtillman/datasets/test_afl.duckdb (schema_keys=['pass', 'cycle'])
2026-08-20 18:51:50.768 INFO  [scistack_gui] [api.bootstrap] created database at /home/mtillman/datasets/test_afl.duckdb
2026-08-20 18:51:50.982 DEBUG [sciduck] _execute thread=127870796035776 waited=0.0000s tx_owner=None foreign_tx=False sql=CREATE TABLE IF NOT EXISTS _pipeline_nodes ( node_id VARCHAR PRIMARY KEY, node_type VARCHAR NOT NULL, label VARCHAR NOT NULL, config VARCHAR DEFAULT '{}', pipeline_id VARCHAR NOT NULL DEFAULT 'main' )
2026-08-20 18:51:50.982 INFO  [scistack_gui] [pipeline] Starting graph build orchestration (scope=main)
2026-08-20 18:51:50.984 DEBUG [sciduck] _execute thread=127870796035776 waited=0.0000s tx_owner=None foreign_tx=False sql=CREATE TABLE IF NOT EXISTS _pipeline_edges ( edge_id VARCHAR PRIMARY KEY, source VARCHAR NOT NULL, target VARCHAR NOT NULL, source_handle VARCHAR, target_handle VARCHAR )
2026-08-20 18:51:50.985 DEBUG [sciduck] _execute thread=127870796035776 waited=0.0000s tx_owner=None foreign_tx=False sql=CREATE TABLE IF NOT EXISTS _pipeline_pending_constants ( constant_name VARCHAR NOT NULL, value VARCHAR NOT NULL, PRIMARY KEY (constant_name, value) )
2026-08-20 18:51:50.986 DEBUG [sciduck] _execute thread=127870796035776 waited=0.0000s tx_owner=None foreign_tx=False sql=CREATE TABLE IF NOT EXISTS _pipeline_builtin_functions ( name VARCHAR PRIMARY KEY, language VARCHAR NOT NULL )
2026-08-20 18:51:50.987 DEBUG [sciduck] _execute thread=127870796035776 waited=0.0000s tx_owner=None foreign_tx=False sql=CREATE TABLE IF NOT EXISTS _pipeline_hidden_nodes ( pipeline_id VARCHAR NOT NULL DEFAULT 'main', node_id VARCHAR NOT NULL, PRIMARY KEY (pipeline_id, node_id) )
2026-08-20 18:51:50.988 DEBUG [sciduck] _execute thread=127870796035776 waited=0.0000s tx_owner=None foreign_tx=False sql=CREATE TABLE IF NOT EXISTS _pipeline_hidden_combos ( node_id VARCHAR PRIMARY KEY, function_name VARCHAR NOT NULL, variant_key VARCHAR NOT NULL )
2026-08-20 18:51:50.989 DEBUG [sciduck] _execute thread=127870796035776 waited=0.0000s tx_owner=None foreign_tx=False sql=CREATE TABLE IF NOT EXISTS _pipeline_hidden_edges ( pipeline_id VARCHAR NOT NULL DEFAULT 'main', edge_id VARCHAR NOT NULL, source VARCHAR NOT NULL, target VARCHAR NOT NULL, source_handle VARCHAR, targ...(truncated)
2026-08-20 18:51:50.991 DEBUG [sciduck] _execute thread=127870796035776 waited=0.0000s tx_owner=None foreign_tx=False sql=CREATE TABLE IF NOT EXISTS _pipeline_hidden_ports ( pipeline_id VARCHAR NOT NULL DEFAULT 'main', direction VARCHAR NOT NULL, var_type VARCHAR NOT NULL, PRIMARY KEY (pipeline_id, direction, var_type) )
2026-08-20 18:51:50.992 DEBUG [sciduck] _execute thread=127870796035776 waited=0.0000s tx_owner=None foreign_tx=False sql=CREATE TABLE IF NOT EXISTS _pipelines ( pipeline_id VARCHAR PRIMARY KEY, name VARCHAR NOT NULL, hidden BOOLEAN DEFAULT FALSE )
2026-08-20 18:51:50.993 DEBUG [sciduck] _execute thread=127870796035776 waited=0.0000s tx_owner=None foreign_tx=False sql=CREATE TABLE IF NOT EXISTS _pipeline_uses ( use_id VARCHAR PRIMARY KEY, parent_pipeline_id VARCHAR NOT NULL, child_pipeline_id VARCHAR NOT NULL, binding_json VARCHAR DEFAULT '{}' )
2026-08-20 18:51:50.994 DEBUG [sciduck] _execute thread=127870796035776 waited=0.0000s tx_owner=None foreign_tx=False sql=INSERT INTO _pipelines (pipeline_id, name) VALUES (?, ?) ON CONFLICT DO NOTHING
2026-08-20 18:51:50.998 DEBUG [sciduck] _execute thread=127870796035776 waited=0.0000s tx_owner=None foreign_tx=False sql=CREATE TABLE IF NOT EXISTS _hypotheses ( pipeline_id VARCHAR PRIMARY KEY, research_question VARCHAR DEFAULT '', hypothesis_statement VARCHAR DEFAULT '', evidence_for VARCHAR DEFAULT '[]', evidence_aga...(truncated)
2026-08-20 18:51:51.003 DEBUG [sciduck] _execute thread=127870796035776 waited=0.0000s tx_owner=None foreign_tx=False sql=INSERT INTO _hypotheses (pipeline_id) VALUES (?) ON CONFLICT DO NOTHING
2026-08-20 18:51:51.008 DEBUG [sciduck] _execute thread=127867887285952 waited=0.0012s tx_owner=None foreign_tx=False sql=CREATE TABLE IF NOT EXISTS _pipeline_nodes ( node_id VARCHAR PRIMARY KEY, node_type VARCHAR NOT NULL, label VARCHAR NOT NULL, config VARCHAR DEFAULT '{}', pipeline_id VARCHAR NOT NULL DEFAULT 'main' )
2026-08-20 18:51:51.009 DEBUG [sciduck] _fetchall thread=127870796035776 waited=0.0010s tx_owner=None foreign_tx=False sql=SELECT p.pipeline_id, p.name, h.research_question, h.hypothesis_statement, h.evidence_for, h.evidence_against FROM _hypotheses h JOIN _pipelines p ON p.pipeline_id = h.pipeline_id WHERE NOT p.hidden O...(truncated)
2026-08-20 18:51:51.012 DEBUG [sciduck] _execute thread=127867887285952 waited=0.0034s tx_owner=None foreign_tx=False sql=CREATE TABLE IF NOT EXISTS _pipeline_edges ( edge_id VARCHAR PRIMARY KEY, source VARCHAR NOT NULL, target VARCHAR NOT NULL, source_handle VARCHAR, target_handle VARCHAR )
2026-08-20 18:51:51.014 DEBUG [sciduck] _execute thread=127867887285952 waited=0.0000s tx_owner=None foreign_tx=False sql=CREATE TABLE IF NOT EXISTS _pipeline_pending_constants ( constant_name VARCHAR NOT NULL, value VARCHAR NOT NULL, PRIMARY KEY (constant_name, value) )
2026-08-20 18:51:51.015 DEBUG [sciduck] _execute thread=127867887285952 waited=0.0000s tx_owner=None foreign_tx=False sql=CREATE TABLE IF NOT EXISTS _pipeline_builtin_functions ( name VARCHAR PRIMARY KEY, language VARCHAR NOT NULL )
2026-08-20 18:51:51.015 DEBUG [sciduck] _execute thread=127867887285952 waited=0.0000s tx_owner=None foreign_tx=False sql=CREATE TABLE IF NOT EXISTS _pipeline_hidden_nodes ( pipeline_id VARCHAR NOT NULL DEFAULT 'main', node_id VARCHAR NOT NULL, PRIMARY KEY (pipeline_id, node_id) )
2026-08-20 18:51:51.017 DEBUG [sciduck] _execute thread=127867887285952 waited=0.0000s tx_owner=None foreign_tx=False sql=CREATE TABLE IF NOT EXISTS _pipeline_hidden_combos ( node_id VARCHAR PRIMARY KEY, function_name VARCHAR NOT NULL, variant_key VARCHAR NOT NULL )
2026-08-20 18:51:51.018 DEBUG [sciduck] _execute thread=127867887285952 waited=0.0000s tx_owner=None foreign_tx=False sql=CREATE TABLE IF NOT EXISTS _pipeline_hidden_edges ( pipeline_id VARCHAR NOT NULL DEFAULT 'main', edge_id VARCHAR NOT NULL, source VARCHAR NOT NULL, target VARCHAR NOT NULL, source_handle VARCHAR, targ...(truncated)
2026-08-20 18:51:51.019 DEBUG [sciduck] _execute thread=127867887285952 waited=0.0000s tx_owner=None foreign_tx=False sql=CREATE TABLE IF NOT EXISTS _pipeline_hidden_ports ( pipeline_id VARCHAR NOT NULL DEFAULT 'main', direction VARCHAR NOT NULL, var_type VARCHAR NOT NULL, PRIMARY KEY (pipeline_id, direction, var_type) )
2026-08-20 18:51:51.020 DEBUG [sciduck] _execute thread=127867887285952 waited=0.0000s tx_owner=None foreign_tx=False sql=CREATE TABLE IF NOT EXISTS _pipelines ( pipeline_id VARCHAR PRIMARY KEY, name VARCHAR NOT NULL, hidden BOOLEAN DEFAULT FALSE )
2026-08-20 18:51:51.021 DEBUG [sciduck] _execute thread=127867887285952 waited=0.0000s tx_owner=None foreign_tx=False sql=CREATE TABLE IF NOT EXISTS _pipeline_uses ( use_id VARCHAR PRIMARY KEY, parent_pipeline_id VARCHAR NOT NULL, child_pipeline_id VARCHAR NOT NULL, binding_json VARCHAR DEFAULT '{}' )
2026-08-20 18:51:51.022 DEBUG [sciduck] _execute thread=127867887285952 waited=0.0000s tx_owner=None foreign_tx=False sql=INSERT INTO _pipelines (pipeline_id, name) VALUES (?, ?) ON CONFLICT DO NOTHING
2026-08-20 18:51:51.026 DEBUG [sciduck] _execute thread=127867887285952 waited=0.0000s tx_owner=None foreign_tx=False sql=CREATE TABLE IF NOT EXISTS _hypotheses ( pipeline_id VARCHAR PRIMARY KEY, research_question VARCHAR DEFAULT '', hypothesis_statement VARCHAR DEFAULT '', evidence_for VARCHAR DEFAULT '[]', evidence_aga...(truncated)
2026-08-20 18:51:51.027 DEBUG [sciduck] _execute thread=127867887285952 waited=0.0000s tx_owner=None foreign_tx=False sql=INSERT INTO _hypotheses (pipeline_id) VALUES (?) ON CONFLICT DO NOTHING
2026-08-20 18:51:51.032 DEBUG [sciduck] _fetchall thread=127867887285952 waited=0.0000s tx_owner=None foreign_tx=False sql=SELECT node_id FROM _pipeline_hidden_nodes WHERE pipeline_id = ?
2026-08-20 18:51:51.033 DEBUG [sciduck] _fetchall thread=127867887285952 waited=0.0000s tx_owner=None foreign_tx=False sql=SELECT node_id FROM _pipeline_hidden_combos
2026-08-20 18:51:51.033 DEBUG [scistack_gui] [pipeline] loaded 0 hidden node ID(s) for scope=main
2026-08-20 18:51:51.034 DEBUG [sciduck] _execute thread=127867887285952 waited=0.0000s tx_owner=None foreign_tx=False sql=CREATE TABLE IF NOT EXISTS _pipeline_nodes ( node_id VARCHAR PRIMARY KEY, node_type VARCHAR NOT NULL, label VARCHAR NOT NULL, config VARCHAR DEFAULT '{}', pipeline_id VARCHAR NOT NULL DEFAULT 'main' )
2026-08-20 18:51:51.034 DEBUG [sciduck] _execute thread=127867887285952 waited=0.0000s tx_owner=None foreign_tx=False sql=CREATE TABLE IF NOT EXISTS _pipeline_edges ( edge_id VARCHAR PRIMARY KEY, source VARCHAR NOT NULL, target VARCHAR NOT NULL, source_handle VARCHAR, target_handle VARCHAR )
2026-08-20 18:51:51.035 DEBUG [sciduck] _execute thread=127867887285952 waited=0.0000s tx_owner=None foreign_tx=False sql=CREATE TABLE IF NOT EXISTS _pipeline_pending_constants ( constant_name VARCHAR NOT NULL, value VARCHAR NOT NULL, PRIMARY KEY (constant_name, value) )
2026-08-20 18:51:51.035 DEBUG [sciduck] _execute thread=127867887285952 waited=0.0000s tx_owner=None foreign_tx=False sql=CREATE TABLE IF NOT EXISTS _pipeline_builtin_functions ( name VARCHAR PRIMARY KEY, language VARCHAR NOT NULL )
2026-08-20 18:51:51.036 DEBUG [sciduck] _execute thread=127867887285952 waited=0.0000s tx_owner=None foreign_tx=False sql=CREATE TABLE IF NOT EXISTS _pipeline_hidden_nodes ( pipeline_id VARCHAR NOT NULL DEFAULT 'main', node_id VARCHAR NOT NULL, PRIMARY KEY (pipeline_id, node_id) )
2026-08-20 18:51:51.036 DEBUG [sciduck] _execute thread=127867887285952 waited=0.0000s tx_owner=None foreign_tx=False sql=CREATE TABLE IF NOT EXISTS _pipeline_hidden_combos ( node_id VARCHAR PRIMARY KEY, function_name VARCHAR NOT NULL, variant_key VARCHAR NOT NULL )
2026-08-20 18:51:51.037 DEBUG [sciduck] _execute thread=127867887285952 waited=0.0000s tx_owner=None foreign_tx=False sql=CREATE TABLE IF NOT EXISTS _pipeline_hidden_edges ( pipeline_id VARCHAR NOT NULL DEFAULT 'main', edge_id VARCHAR NOT NULL, source VARCHAR NOT NULL, target VARCHAR NOT NULL, source_handle VARCHAR, targ...(truncated)
2026-08-20 18:51:51.037 DEBUG [sciduck] _execute thread=127867887285952 waited=0.0000s tx_owner=None foreign_tx=False sql=CREATE TABLE IF NOT EXISTS _pipeline_hidden_ports ( pipeline_id VARCHAR NOT NULL DEFAULT 'main', direction VARCHAR NOT NULL, var_type VARCHAR NOT NULL, PRIMARY KEY (pipeline_id, direction, var_type) )
2026-08-20 18:51:51.038 DEBUG [sciduck] _execute thread=127867887285952 waited=0.0000s tx_owner=None foreign_tx=False sql=CREATE TABLE IF NOT EXISTS _pipelines ( pipeline_id VARCHAR PRIMARY KEY, name VARCHAR NOT NULL, hidden BOOLEAN DEFAULT FALSE )
2026-08-20 18:51:51.039 DEBUG [sciduck] _execute thread=127867887285952 waited=0.0000s tx_owner=None foreign_tx=False sql=CREATE TABLE IF NOT EXISTS _pipeline_uses ( use_id VARCHAR PRIMARY KEY, parent_pipeline_id VARCHAR NOT NULL, child_pipeline_id VARCHAR NOT NULL, binding_json VARCHAR DEFAULT '{}' )
2026-08-20 18:51:51.039 DEBUG [sciduck] _execute thread=127867887285952 waited=0.0000s tx_owner=None foreign_tx=False sql=INSERT INTO _pipelines (pipeline_id, name) VALUES (?, ?) ON CONFLICT DO NOTHING
2026-08-20 18:51:51.043 INFO  [scistack_gui] get_registry: 0 python fns, 0 matlab fns, 0 vars, 0 load errors
2026-08-20 18:51:51.043 DEBUG [sciduck] _execute thread=127867887285952 waited=0.0000s tx_owner=None foreign_tx=False sql=CREATE TABLE IF NOT EXISTS _hypotheses ( pipeline_id VARCHAR PRIMARY KEY, research_question VARCHAR DEFAULT '', hypothesis_statement VARCHAR DEFAULT '', evidence_for VARCHAR DEFAULT '[]', evidence_aga...(truncated)
2026-08-20 18:51:51.044 DEBUG [sciduck] _execute thread=127867887285952 waited=0.0000s tx_owner=None foreign_tx=False sql=INSERT INTO _hypotheses (pipeline_id) VALUES (?) ON CONFLICT DO NOTHING
2026-08-20 18:51:51.047 DEBUG [sciduck] _fetchall thread=127867887285952 waited=0.0000s tx_owner=None foreign_tx=False sql=SELECT edge_id FROM _pipeline_hidden_edges WHERE pipeline_id = ?
2026-08-20 18:51:51.047 DEBUG [scistack_gui] [pipeline] loaded 0 hidden edge ID(s) for scope=main
2026-08-20 18:51:51.047 INFO  [scistack_gui] [pipeline] Fetching aggregated variants from scidb
2026-08-20 18:51:51.054 DEBUG [sciduck] _fetchall thread=127867887285952 waited=0.0000s tx_owner=None foreign_tx=False sql=SELECT invocation_id, function_name, as_table, distribute FROM _invocation WHERE function_name != ?
2026-08-20 18:51:51.054 INFO  [scistack_gui] [pipeline] fetched data for 0 functions, 0 variables, 0 constants, 0 path inputs
2026-08-20 18:51:51.054 INFO  [scistack_gui] [pipeline] Converting to AggregatedData format
2026-08-20 18:51:51.055 INFO  [scistack_gui] [pipeline] Filtering hidden nodes
2026-08-20 18:51:51.055 INFO  [scistack_gui] [graph_builder] filter_hidden: filtering 0 hidden node(s) (strip_var_type_values=False)
2026-08-20 18:51:51.055 INFO  [scistack_gui] [pipeline] Using record counts from scidb
2026-08-20 18:51:51.055 DEBUG [sciduck] _execute thread=127867887285952 waited=0.0000s tx_owner=None foreign_tx=False sql=CREATE TABLE IF NOT EXISTS _pipeline_nodes ( node_id VARCHAR PRIMARY KEY, node_type VARCHAR NOT NULL, label VARCHAR NOT NULL, config VARCHAR DEFAULT '{}', pipeline_id VARCHAR NOT NULL DEFAULT 'main' )
2026-08-20 18:51:51.055 DEBUG [sciduck] _execute thread=127867887285952 waited=0.0000s tx_owner=None foreign_tx=False sql=CREATE TABLE IF NOT EXISTS _pipeline_edges ( edge_id VARCHAR PRIMARY KEY, source VARCHAR NOT NULL, target VARCHAR NOT NULL, source_handle VARCHAR, target_handle VARCHAR )
2026-08-20 18:51:51.056 DEBUG [sciduck] _execute thread=127867887285952 waited=0.0000s tx_owner=None foreign_tx=False sql=CREATE TABLE IF NOT EXISTS _pipeline_pending_constants ( constant_name VARCHAR NOT NULL, value VARCHAR NOT NULL, PRIMARY KEY (constant_name, value) )
2026-08-20 18:51:51.057 DEBUG [sciduck] _execute thread=127867887285952 waited=0.0000s tx_owner=None foreign_tx=False sql=CREATE TABLE IF NOT EXISTS _pipeline_builtin_functions ( name VARCHAR PRIMARY KEY, language VARCHAR NOT NULL )
2026-08-20 18:51:51.058 DEBUG [sciduck] _execute thread=127867887285952 waited=0.0000s tx_owner=None foreign_tx=False sql=CREATE TABLE IF NOT EXISTS _pipeline_hidden_nodes ( pipeline_id VARCHAR NOT NULL DEFAULT 'main', node_id VARCHAR NOT NULL, PRIMARY KEY (pipeline_id, node_id) )
2026-08-20 18:51:51.058 DEBUG [sciduck] _execute thread=127867887285952 waited=0.0000s tx_owner=None foreign_tx=False sql=CREATE TABLE IF NOT EXISTS _pipeline_hidden_combos ( node_id VARCHAR PRIMARY KEY, function_name VARCHAR NOT NULL, variant_key VARCHAR NOT NULL )
2026-08-20 18:51:51.059 DEBUG [sciduck] _execute thread=127867887285952 waited=0.0000s tx_owner=None foreign_tx=False sql=CREATE TABLE IF NOT EXISTS _pipeline_hidden_edges ( pipeline_id VARCHAR NOT NULL DEFAULT 'main', edge_id VARCHAR NOT NULL, source VARCHAR NOT NULL, target VARCHAR NOT NULL, source_handle VARCHAR, targ...(truncated)
2026-08-20 18:51:51.059 DEBUG [sciduck] _execute thread=127867887285952 waited=0.0000s tx_owner=None foreign_tx=False sql=CREATE TABLE IF NOT EXISTS _pipeline_hidden_ports ( pipeline_id VARCHAR NOT NULL DEFAULT 'main', direction VARCHAR NOT NULL, var_type VARCHAR NOT NULL, PRIMARY KEY (pipeline_id, direction, var_type) )
2026-08-20 18:51:51.060 DEBUG [sciduck] _execute thread=127867887285952 waited=0.0000s tx_owner=None foreign_tx=False sql=CREATE TABLE IF NOT EXISTS _pipelines ( pipeline_id VARCHAR PRIMARY KEY, name VARCHAR NOT NULL, hidden BOOLEAN DEFAULT FALSE )
2026-08-20 18:51:51.061 DEBUG [sciduck] _execute thread=127867887285952 waited=0.0000s tx_owner=None foreign_tx=False sql=CREATE TABLE IF NOT EXISTS _pipeline_uses ( use_id VARCHAR PRIMARY KEY, parent_pipeline_id VARCHAR NOT NULL, child_pipeline_id VARCHAR NOT NULL, binding_json VARCHAR DEFAULT '{}' )
2026-08-20 18:51:51.062 DEBUG [sciduck] _execute thread=127867887285952 waited=0.0000s tx_owner=None foreign_tx=False sql=INSERT INTO _pipelines (pipeline_id, name) VALUES (?, ?) ON CONFLICT DO NOTHING
2026-08-20 18:51:51.065 DEBUG [sciduck] _execute thread=127867887285952 waited=0.0000s tx_owner=None foreign_tx=False sql=CREATE TABLE IF NOT EXISTS _hypotheses ( pipeline_id VARCHAR PRIMARY KEY, research_question VARCHAR DEFAULT '', hypothesis_statement VARCHAR DEFAULT '', evidence_for VARCHAR DEFAULT '[]', evidence_aga...(truncated)
2026-08-20 18:51:51.066 DEBUG [scistack_gui] [layout] Loading layout file from /home/mtillman/datasets/test_afl.layout.json
2026-08-20 18:51:51.066 DEBUG [sciduck] _execute thread=127867887285952 waited=0.0000s tx_owner=None foreign_tx=False sql=INSERT INTO _hypotheses (pipeline_id) VALUES (?) ON CONFLICT DO NOTHING
2026-08-20 18:51:51.066 DEBUG [scistack_gui] [layout] Layout file does not exist, returning empty structure
2026-08-20 18:51:51.069 DEBUG [sciduck] _fetchall thread=127867887285952 waited=0.0000s tx_owner=None foreign_tx=False sql=SELECT constant_name, value FROM _pipeline_pending_constants
2026-08-20 18:51:51.069 DEBUG [scistack_gui] [pipeline] loaded 0 pending constant(s)
2026-08-20 18:51:51.069 DEBUG [sciduck] _execute thread=127870796035776 waited=0.0030s tx_owner=None foreign_tx=False sql=CREATE TABLE IF NOT EXISTS _pipeline_nodes ( node_id VARCHAR PRIMARY KEY, node_type VARCHAR NOT NULL, label VARCHAR NOT NULL, config VARCHAR DEFAULT '{}', pipeline_id VARCHAR NOT NULL DEFAULT 'main' )
2026-08-20 18:51:51.070 DEBUG [sciduck] _execute thread=127867887285952 waited=0.0011s tx_owner=None foreign_tx=False sql=CREATE TABLE IF NOT EXISTS _pipeline_nodes ( node_id VARCHAR PRIMARY KEY, node_type VARCHAR NOT NULL, label VARCHAR NOT NULL, config VARCHAR DEFAULT '{}', pipeline_id VARCHAR NOT NULL DEFAULT 'main' )
2026-08-20 18:51:51.071 DEBUG [sciduck] _execute thread=127867887285952 waited=0.0000s tx_owner=None foreign_tx=False sql=CREATE TABLE IF NOT EXISTS _pipeline_edges ( edge_id VARCHAR PRIMARY KEY, source VARCHAR NOT NULL, target VARCHAR NOT NULL, source_handle VARCHAR, target_handle VARCHAR )
2026-08-20 18:51:51.071 DEBUG [sciduck] _execute thread=127867887285952 waited=0.0000s tx_owner=None foreign_tx=False sql=CREATE TABLE IF NOT EXISTS _pipeline_pending_constants ( constant_name VARCHAR NOT NULL, value VARCHAR NOT NULL, PRIMARY KEY (constant_name, value) )
2026-08-20 18:51:51.072 DEBUG [sciduck] _execute thread=127867887285952 waited=0.0000s tx_owner=None foreign_tx=False sql=CREATE TABLE IF NOT EXISTS _pipeline_builtin_functions ( name VARCHAR PRIMARY KEY, language VARCHAR NOT NULL )
2026-08-20 18:51:51.072 DEBUG [sciduck] _execute thread=127867887285952 waited=0.0000s tx_owner=None foreign_tx=False sql=CREATE TABLE IF NOT EXISTS _pipeline_hidden_nodes ( pipeline_id VARCHAR NOT NULL DEFAULT 'main', node_id VARCHAR NOT NULL, PRIMARY KEY (pipeline_id, node_id) )
2026-08-20 18:51:51.072 DEBUG [sciduck] _execute thread=127867887285952 waited=0.0000s tx_owner=None foreign_tx=False sql=CREATE TABLE IF NOT EXISTS _pipeline_hidden_combos ( node_id VARCHAR PRIMARY KEY, function_name VARCHAR NOT NULL, variant_key VARCHAR NOT NULL )
2026-08-20 18:51:51.073 DEBUG [sciduck] _execute thread=127867887285952 waited=0.0000s tx_owner=None foreign_tx=False sql=CREATE TABLE IF NOT EXISTS _pipeline_hidden_edges ( pipeline_id VARCHAR NOT NULL DEFAULT 'main', edge_id VARCHAR NOT NULL, source VARCHAR NOT NULL, target VARCHAR NOT NULL, source_handle VARCHAR, targ...(truncated)
2026-08-20 18:51:51.073 DEBUG [sciduck] _execute thread=127867887285952 waited=0.0000s tx_owner=None foreign_tx=False sql=CREATE TABLE IF NOT EXISTS _pipeline_hidden_ports ( pipeline_id VARCHAR NOT NULL DEFAULT 'main', direction VARCHAR NOT NULL, var_type VARCHAR NOT NULL, PRIMARY KEY (pipeline_id, direction, var_type) )
2026-08-20 18:51:51.073 DEBUG [sciduck] _execute thread=127867887285952 waited=0.0000s tx_owner=None foreign_tx=False sql=CREATE TABLE IF NOT EXISTS _pipelines ( pipeline_id VARCHAR PRIMARY KEY, name VARCHAR NOT NULL, hidden BOOLEAN DEFAULT FALSE )
2026-08-20 18:51:51.074 DEBUG [sciduck] _execute thread=127867887285952 waited=0.0000s tx_owner=None foreign_tx=False sql=CREATE TABLE IF NOT EXISTS _pipeline_uses ( use_id VARCHAR PRIMARY KEY, parent_pipeline_id VARCHAR NOT NULL, child_pipeline_id VARCHAR NOT NULL, binding_json VARCHAR DEFAULT '{}' )
2026-08-20 18:51:51.074 DEBUG [sciduck] _execute thread=127867887285952 waited=0.0000s tx_owner=None foreign_tx=False sql=INSERT INTO _pipelines (pipeline_id, name) VALUES (?, ?) ON CONFLICT DO NOTHING
2026-08-20 18:51:51.076 DEBUG [sciduck] _execute thread=127867887285952 waited=0.0000s tx_owner=None foreign_tx=False sql=CREATE TABLE IF NOT EXISTS _hypotheses ( pipeline_id VARCHAR PRIMARY KEY, research_question VARCHAR DEFAULT '', hypothesis_statement VARCHAR DEFAULT '', evidence_for VARCHAR DEFAULT '[]', evidence_aga...(truncated)
2026-08-20 18:51:51.077 DEBUG [sciduck] _execute thread=127867887285952 waited=0.0000s tx_owner=None foreign_tx=False sql=INSERT INTO _hypotheses (pipeline_id) VALUES (?) ON CONFLICT DO NOTHING
2026-08-20 18:51:51.079 DEBUG [sciduck] _fetchall thread=127867887285952 waited=0.0000s tx_owner=None foreign_tx=False sql=SELECT edge_id, source, target, source_handle, target_handle FROM _pipeline_edges
2026-08-20 18:51:51.080 INFO  [scistack_gui] [pipeline] Computing run states (delegating to run_state)
2026-08-20 18:51:51.080 DEBUG [sciduck] _execute thread=127870796035776 waited=0.0095s tx_owner=None foreign_tx=False sql=CREATE TABLE IF NOT EXISTS _pipeline_edges ( edge_id VARCHAR PRIMARY KEY, source VARCHAR NOT NULL, target VARCHAR NOT NULL, source_handle VARCHAR, target_handle VARCHAR )
2026-08-20 18:51:51.081 DEBUG [sciduck] _execute thread=127870796035776 waited=0.0000s tx_owner=None foreign_tx=False sql=CREATE TABLE IF NOT EXISTS _pipeline_pending_constants ( constant_name VARCHAR NOT NULL, value VARCHAR NOT NULL, PRIMARY KEY (constant_name, value) )
2026-08-20 18:51:51.082 DEBUG [sciduck] _execute thread=127870796035776 waited=0.0000s tx_owner=None foreign_tx=False sql=CREATE TABLE IF NOT EXISTS _pipeline_builtin_functions ( name VARCHAR PRIMARY KEY, language VARCHAR NOT NULL )
2026-08-20 18:51:51.083 DEBUG [scidb] check_multiple_nodes_state: checked 0 nodes, 0 results
2026-08-20 18:51:51.083 INFO  [scistack_gui] [run_state] propagate_run_states: processing 0 function call site(s)
2026-08-20 18:51:51.083 INFO  [scistack_gui] [run_state] Building variable producer map and propagating states through DAG
2026-08-20 18:51:51.083 DEBUG [scistack_gui] [run_state] identified 0 variable type(s) with producer(s)
2026-08-20 18:51:51.083 DEBUG [scistack_gui] [run_state] starting DAG propagation for 0 call site(s)
2026-08-20 18:51:51.083 INFO  [scistack_gui] [run_state] DAG propagation complete after 0 iteration(s)
2026-08-20 18:51:51.083 INFO  [scistack_gui] [run_state] Building final result mapping
2026-08-20 18:51:51.083 INFO  [scistack_gui] [run_state] propagate_run_states complete: 0 total nodes (0 green, 0 pending, 0 red)
2026-08-20 18:51:51.083 DEBUG [scistack_gui] run_states complete: 0 call sites in 0.4ms (0 green, 0 pending, 0 red)
2026-08-20 18:51:51.083 INFO  [scistack_gui] [pipeline] computed run states for 0 nodes
2026-08-20 18:51:51.083 INFO  [scistack_gui] [pipeline] Grouping call sites by wiring
2026-08-20 18:51:51.083 INFO  [scistack_gui] [run_state] propagate_run_states: processing 0 function call site(s)
2026-08-20 18:51:51.083 INFO  [scistack_gui] [run_state] Building variable producer map and propagating states through DAG
2026-08-20 18:51:51.083 DEBUG [scistack_gui] [run_state] identified 0 variable type(s) with producer(s)
2026-08-20 18:51:51.083 DEBUG [scistack_gui] [run_state] starting DAG propagation for 0 call site(s)
2026-08-20 18:51:51.083 INFO  [scistack_gui] [run_state] DAG propagation complete after 0 iteration(s)
2026-08-20 18:51:51.083 INFO  [scistack_gui] [run_state] Building final result mapping
2026-08-20 18:51:51.083 INFO  [scistack_gui] [run_state] propagate_run_states complete: 0 total nodes (0 green, 0 pending, 0 red)
2026-08-20 18:51:51.083 INFO  [scistack_gui] [graph_builder] filter_hidden: filtering 0 hidden node(s) (strip_var_type_values=True)
2026-08-20 18:51:51.083 INFO  [scistack_gui] [pipeline] Building function parameter maps and saved configs
2026-08-20 18:51:51.084 DEBUG [scistack_gui] [pipeline] building parameter maps for 0 unique function(s)
2026-08-20 18:51:51.084 DEBUG [sciduck] _execute thread=127867887285952 waited=0.0000s tx_owner=None foreign_tx=False sql=CREATE TABLE IF NOT EXISTS _pipeline_nodes ( node_id VARCHAR PRIMARY KEY, node_type VARCHAR NOT NULL, label VARCHAR NOT NULL, config VARCHAR DEFAULT '{}', pipeline_id VARCHAR NOT NULL DEFAULT 'main' )
2026-08-20 18:51:51.084 DEBUG [sciduck] _execute thread=127867887285952 waited=0.0000s tx_owner=None foreign_tx=False sql=CREATE TABLE IF NOT EXISTS _pipeline_edges ( edge_id VARCHAR PRIMARY KEY, source VARCHAR NOT NULL, target VARCHAR NOT NULL, source_handle VARCHAR, target_handle VARCHAR )
2026-08-20 18:51:51.084 DEBUG [sciduck] _execute thread=127867887285952 waited=0.0000s tx_owner=None foreign_tx=False sql=CREATE TABLE IF NOT EXISTS _pipeline_pending_constants ( constant_name VARCHAR NOT NULL, value VARCHAR NOT NULL, PRIMARY KEY (constant_name, value) )
2026-08-20 18:51:51.085 DEBUG [sciduck] _execute thread=127867887285952 waited=0.0000s tx_owner=None foreign_tx=False sql=CREATE TABLE IF NOT EXISTS _pipeline_builtin_functions ( name VARCHAR PRIMARY KEY, language VARCHAR NOT NULL )
2026-08-20 18:51:51.085 DEBUG [sciduck] _execute thread=127867887285952 waited=0.0000s tx_owner=None foreign_tx=False sql=CREATE TABLE IF NOT EXISTS _pipeline_hidden_nodes ( pipeline_id VARCHAR NOT NULL DEFAULT 'main', node_id VARCHAR NOT NULL, PRIMARY KEY (pipeline_id, node_id) )
2026-08-20 18:51:51.085 DEBUG [sciduck] _execute thread=127867887285952 waited=0.0000s tx_owner=None foreign_tx=False sql=CREATE TABLE IF NOT EXISTS _pipeline_hidden_combos ( node_id VARCHAR PRIMARY KEY, function_name VARCHAR NOT NULL, variant_key VARCHAR NOT NULL )
2026-08-20 18:51:51.086 DEBUG [sciduck] _execute thread=127867887285952 waited=0.0000s tx_owner=None foreign_tx=False sql=CREATE TABLE IF NOT EXISTS _pipeline_hidden_edges ( pipeline_id VARCHAR NOT NULL DEFAULT 'main', edge_id VARCHAR NOT NULL, source VARCHAR NOT NULL, target VARCHAR NOT NULL, source_handle VARCHAR, targ...(truncated)
2026-08-20 18:51:51.086 DEBUG [sciduck] _execute thread=127867887285952 waited=0.0000s tx_owner=None foreign_tx=False sql=CREATE TABLE IF NOT EXISTS _pipeline_hidden_ports ( pipeline_id VARCHAR NOT NULL DEFAULT 'main', direction VARCHAR NOT NULL, var_type VARCHAR NOT NULL, PRIMARY KEY (pipeline_id, direction, var_type) )
2026-08-20 18:51:51.086 DEBUG [sciduck] _execute thread=127867887285952 waited=0.0000s tx_owner=None foreign_tx=False sql=CREATE TABLE IF NOT EXISTS _pipelines ( pipeline_id VARCHAR PRIMARY KEY, name VARCHAR NOT NULL, hidden BOOLEAN DEFAULT FALSE )
2026-08-20 18:51:51.087 DEBUG [sciduck] _execute thread=127867887285952 waited=0.0000s tx_owner=None foreign_tx=False sql=CREATE TABLE IF NOT EXISTS _pipeline_uses ( use_id VARCHAR PRIMARY KEY, parent_pipeline_id VARCHAR NOT NULL, child_pipeline_id VARCHAR NOT NULL, binding_json VARCHAR DEFAULT '{}' )
2026-08-20 18:51:51.087 DEBUG [sciduck] _execute thread=127867887285952 waited=0.0000s tx_owner=None foreign_tx=False sql=INSERT INTO _pipelines (pipeline_id, name) VALUES (?, ?) ON CONFLICT DO NOTHING
2026-08-20 18:51:51.089 DEBUG [sciduck] _execute thread=127867887285952 waited=0.0000s tx_owner=None foreign_tx=False sql=CREATE TABLE IF NOT EXISTS _hypotheses ( pipeline_id VARCHAR PRIMARY KEY, research_question VARCHAR DEFAULT '', hypothesis_statement VARCHAR DEFAULT '', evidence_for VARCHAR DEFAULT '[]', evidence_aga...(truncated)
2026-08-20 18:51:51.090 DEBUG [sciduck] _execute thread=127867887285952 waited=0.0000s tx_owner=None foreign_tx=False sql=INSERT INTO _hypotheses (pipeline_id) VALUES (?) ON CONFLICT DO NOTHING
2026-08-20 18:51:51.092 DEBUG [sciduck] _fetchall thread=127867887285952 waited=0.0000s tx_owner=None foreign_tx=False sql=SELECT node_id, node_type, label, config, pipeline_id FROM _pipeline_nodes
2026-08-20 18:51:51.093 DEBUG [scistack_gui] [pipeline] loaded 0 manual node(s)
2026-08-20 18:51:51.093 DEBUG [scistack_gui] [pipeline] matlab_param_to_class={}
2026-08-20 18:51:51.093 INFO  [scistack_gui] [pipeline] Overlaying saved path inputs
2026-08-20 18:51:51.093 DEBUG [scistack_gui] [layout] Loading layout file from /home/mtillman/datasets/test_afl.layout.json
2026-08-20 18:51:51.093 DEBUG [sciduck] _execute thread=127870796035776 waited=0.0092s tx_owner=None foreign_tx=False sql=CREATE TABLE IF NOT EXISTS _pipeline_hidden_nodes ( pipeline_id VARCHAR NOT NULL DEFAULT 'main', node_id VARCHAR NOT NULL, PRIMARY KEY (pipeline_id, node_id) )
2026-08-20 18:51:51.093 DEBUG [scistack_gui] [layout] Layout file does not exist, returning empty structure
2026-08-20 18:51:51.093 DEBUG [scistack_gui] [pipeline] loaded 0 saved path input(s)
2026-08-20 18:51:51.093 DEBUG [scistack_gui] [layout] Loading layout file from /home/mtillman/datasets/test_afl.layout.json
2026-08-20 18:51:51.093 DEBUG [scistack_gui] [layout] Layout file does not exist, returning empty structure
2026-08-20 18:51:51.093 DEBUG [scistack_gui] [pipeline] loaded 0 saved sweep(s)
2026-08-20 18:51:51.094 INFO  [scistack_gui] [pipeline] Building nodes (delegating to graph_builder)
2026-08-20 18:51:51.094 INFO  [scistack_gui] [graph_builder] build_variable_nodes: building 0 variable node(s)
2026-08-20 18:51:51.094 DEBUG [scistack_gui] [graph_builder] built 0 variable node(s)
2026-08-20 18:51:51.094 INFO  [scistack_gui] [graph_builder] build_constant_nodes: building 0 constant node(s)
2026-08-20 18:51:51.094 DEBUG [scistack_gui] [graph_builder] built 0 constant node(s)
2026-08-20 18:51:51.094 INFO  [scistack_gui] [graph_builder] build_path_input_nodes: building 0 path input node(s)
2026-08-20 18:51:51.094 DEBUG [scistack_gui] [graph_builder] built 0 path input node(s)
2026-08-20 18:51:51.094 INFO  [scistack_gui] [graph_builder] build_sweep_nodes: building 0 sweep node(s)
2026-08-20 18:51:51.094 DEBUG [scistack_gui] [graph_builder] built 0 sweep node(s)
2026-08-20 18:51:51.094 INFO  [scistack_gui] [graph_builder] build_function_nodes: building 0 function node(s)
2026-08-20 18:51:51.094 DEBUG [scistack_gui] [graph_builder] built 0 function node(s)
2026-08-20 18:51:51.094 INFO  [scistack_gui] [pipeline] built 0 nodes: 0 variable, 0 constant, 0 path input, 0 sweep, 0 function
2026-08-20 18:51:51.094 INFO  [scistack_gui] [pipeline] Building edges (delegating to graph_builder)
2026-08-20 18:51:51.094 INFO  [scistack_gui] [graph_builder] build_edges: building edges from DB-derived data and manual edges
2026-08-20 18:51:51.094 DEBUG [scistack_gui] [graph_builder] building variable → function edges
2026-08-20 18:51:51.094 DEBUG [scistack_gui] [graph_builder] built 0 variable → function edge(s) (0 hidden)
2026-08-20 18:51:51.094 DEBUG [scistack_gui] [graph_builder] building function → variable edges
2026-08-20 18:51:51.094 DEBUG [scistack_gui] [graph_builder] built 0 function → variable edge(s) (0 hidden)
2026-08-20 18:51:51.094 DEBUG [scistack_gui] [graph_builder] building constant → function edges
2026-08-20 18:51:51.094 DEBUG [scistack_gui] [graph_builder] built 0 constant → function edge(s) (0 hidden)
2026-08-20 18:51:51.094 DEBUG [scistack_gui] [graph_builder] building pathInput → function edges
2026-08-20 18:51:51.094 DEBUG [scistack_gui] [graph_builder] built 0 pathInput → function edge(s) (0 hidden)
2026-08-20 18:51:51.094 DEBUG [scistack_gui] [graph_builder] merging 0 manual edge(s)
2026-08-20 18:51:51.094 DEBUG [scistack_gui] [graph_builder] added 0 manual edge(s)
2026-08-20 18:51:51.094 INFO  [scistack_gui] [graph_builder] build_edges complete: 0 total edges (0 DB-derived, 0 manual, 0 hidden)
2026-08-20 18:51:51.095 INFO  [scistack_gui] [pipeline] built 0 edges
2026-08-20 18:51:51.095 INFO  [scistack_gui] [pipeline] Merging manual nodes (delegating to graph_builder)
2026-08-20 18:51:51.095 DEBUG [scistack_gui] [layout] Loading layout file from /home/mtillman/datasets/test_afl.layout.json
2026-08-20 18:51:51.095 DEBUG [scistack_gui] [layout] Layout file does not exist, returning empty structure
2026-08-20 18:51:51.095 DEBUG [scistack_gui] [pipeline] loaded 0 saved position(s) across 0 scope(s)
2026-08-20 18:51:51.095 INFO  [scistack_gui] [graph_builder] merge_manual_nodes: processing 0 manual node(s) against 0 existing node(s)
2026-08-20 18:51:51.095 INFO  [scistack_gui] [graph_builder] merge_manual_nodes complete: 0 to add, 0 to graduate
2026-08-20 18:51:51.095 INFO  [scistack_gui] [pipeline] Executing 0 graduation action(s)
2026-08-20 18:51:51.095 INFO  [scistack_gui] [pipeline] Building 0 manual node(s) to add
2026-08-20 18:51:51.095 INFO  [scistack_gui] [pipeline] Filtering graph to scope main
2026-08-20 18:51:51.095 DEBUG [sciduck] _execute thread=127870796035776 waited=0.0000s tx_owner=None foreign_tx=False sql=CREATE TABLE IF NOT EXISTS _pipeline_hidden_combos ( node_id VARCHAR PRIMARY KEY, function_name VARCHAR NOT NULL, variant_key VARCHAR NOT NULL )
2026-08-20 18:51:51.096 DEBUG [sciduck] _execute thread=127870796035776 waited=0.0000s tx_owner=None foreign_tx=False sql=CREATE TABLE IF NOT EXISTS _pipeline_hidden_edges ( pipeline_id VARCHAR NOT NULL DEFAULT 'main', edge_id VARCHAR NOT NULL, source VARCHAR NOT NULL, target VARCHAR NOT NULL, source_handle VARCHAR, targ...(truncated)
2026-08-20 18:51:51.097 DEBUG [sciduck] _execute thread=127870796035776 waited=0.0000s tx_owner=None foreign_tx=False sql=CREATE TABLE IF NOT EXISTS _pipeline_hidden_ports ( pipeline_id VARCHAR NOT NULL DEFAULT 'main', direction VARCHAR NOT NULL, var_type VARCHAR NOT NULL, PRIMARY KEY (pipeline_id, direction, var_type) )
2026-08-20 18:51:51.098 DEBUG [scistack_gui] [scope_filter] scope main: kept 0/0 node(s), 0/0 edge(s)
2026-08-20 18:51:51.098 DEBUG [sciduck] _execute thread=127867887285952 waited=0.0004s tx_owner=None foreign_tx=False sql=CREATE TABLE IF NOT EXISTS _pipeline_nodes ( node_id VARCHAR PRIMARY KEY, node_type VARCHAR NOT NULL, label VARCHAR NOT NULL, config VARCHAR DEFAULT '{}', pipeline_id VARCHAR NOT NULL DEFAULT 'main' )
2026-08-20 18:51:51.099 DEBUG [sciduck] _execute thread=127867887285952 waited=0.0000s tx_owner=None foreign_tx=False sql=CREATE TABLE IF NOT EXISTS _pipeline_edges ( edge_id VARCHAR PRIMARY KEY, source VARCHAR NOT NULL, target VARCHAR NOT NULL, source_handle VARCHAR, target_handle VARCHAR )
2026-08-20 18:51:51.099 DEBUG [sciduck] _execute thread=127867887285952 waited=0.0000s tx_owner=None foreign_tx=False sql=CREATE TABLE IF NOT EXISTS _pipeline_pending_constants ( constant_name VARCHAR NOT NULL, value VARCHAR NOT NULL, PRIMARY KEY (constant_name, value) )
2026-08-20 18:51:51.099 DEBUG [sciduck] _execute thread=127867887285952 waited=0.0000s tx_owner=None foreign_tx=False sql=CREATE TABLE IF NOT EXISTS _pipeline_builtin_functions ( name VARCHAR PRIMARY KEY, language VARCHAR NOT NULL )
2026-08-20 18:51:51.100 DEBUG [sciduck] _execute thread=127867887285952 waited=0.0000s tx_owner=None foreign_tx=False sql=CREATE TABLE IF NOT EXISTS _pipeline_hidden_nodes ( pipeline_id VARCHAR NOT NULL DEFAULT 'main', node_id VARCHAR NOT NULL, PRIMARY KEY (pipeline_id, node_id) )
2026-08-20 18:51:51.100 DEBUG [sciduck] _execute thread=127867887285952 waited=0.0000s tx_owner=None foreign_tx=False sql=CREATE TABLE IF NOT EXISTS _pipeline_hidden_combos ( node_id VARCHAR PRIMARY KEY, function_name VARCHAR NOT NULL, variant_key VARCHAR NOT NULL )
2026-08-20 18:51:51.100 DEBUG [sciduck] _execute thread=127867887285952 waited=0.0000s tx_owner=None foreign_tx=False sql=CREATE TABLE IF NOT EXISTS _pipeline_hidden_edges ( pipeline_id VARCHAR NOT NULL DEFAULT 'main', edge_id VARCHAR NOT NULL, source VARCHAR NOT NULL, target VARCHAR NOT NULL, source_handle VARCHAR, targ...(truncated)
2026-08-20 18:51:51.101 DEBUG [sciduck] _execute thread=127867887285952 waited=0.0000s tx_owner=None foreign_tx=False sql=CREATE TABLE IF NOT EXISTS _pipeline_hidden_ports ( pipeline_id VARCHAR NOT NULL DEFAULT 'main', direction VARCHAR NOT NULL, var_type VARCHAR NOT NULL, PRIMARY KEY (pipeline_id, direction, var_type) )
2026-08-20 18:51:51.101 DEBUG [sciduck] _execute thread=127867887285952 waited=0.0000s tx_owner=None foreign_tx=False sql=CREATE TABLE IF NOT EXISTS _pipelines ( pipeline_id VARCHAR PRIMARY KEY, name VARCHAR NOT NULL, hidden BOOLEAN DEFAULT FALSE )
2026-08-20 18:51:51.101 DEBUG [sciduck] _execute thread=127867887285952 waited=0.0000s tx_owner=None foreign_tx=False sql=CREATE TABLE IF NOT EXISTS _pipeline_uses ( use_id VARCHAR PRIMARY KEY, parent_pipeline_id VARCHAR NOT NULL, child_pipeline_id VARCHAR NOT NULL, binding_json VARCHAR DEFAULT '{}' )
2026-08-20 18:51:51.102 DEBUG [sciduck] _execute thread=127867887285952 waited=0.0000s tx_owner=None foreign_tx=False sql=INSERT INTO _pipelines (pipeline_id, name) VALUES (?, ?) ON CONFLICT DO NOTHING
2026-08-20 18:51:51.104 DEBUG [sciduck] _execute thread=127867887285952 waited=0.0000s tx_owner=None foreign_tx=False sql=CREATE TABLE IF NOT EXISTS _hypotheses ( pipeline_id VARCHAR PRIMARY KEY, research_question VARCHAR DEFAULT '', hypothesis_statement VARCHAR DEFAULT '', evidence_for VARCHAR DEFAULT '[]', evidence_aga...(truncated)
2026-08-20 18:51:51.104 DEBUG [sciduck] _execute thread=127867887285952 waited=0.0000s tx_owner=None foreign_tx=False sql=INSERT INTO _hypotheses (pipeline_id) VALUES (?) ON CONFLICT DO NOTHING
2026-08-20 18:51:51.106 DEBUG [sciduck] _fetchall thread=127867887285952 waited=0.0000s tx_owner=None foreign_tx=False sql=SELECT use_id, parent_pipeline_id, child_pipeline_id, binding_json FROM _pipeline_uses
2026-08-20 18:51:51.107 INFO  [scistack_gui] [pipeline] Graph build complete - assembling final result
2026-08-20 18:51:51.107 INFO  [scistack_gui] [pipeline] graph built successfully (scope=main): 0 total nodes (), 0 edges
2026-08-20 18:51:51.107 DEBUG [sciduck] _execute thread=127870796035776 waited=0.0089s tx_owner=None foreign_tx=False sql=CREATE TABLE IF NOT EXISTS _pipelines ( pipeline_id VARCHAR PRIMARY KEY, name VARCHAR NOT NULL, hidden BOOLEAN DEFAULT FALSE )
2026-08-20 18:51:51.109 DEBUG [sciduck] _execute thread=127870796035776 waited=0.0000s tx_owner=None foreign_tx=False sql=CREATE TABLE IF NOT EXISTS _pipeline_uses ( use_id VARCHAR PRIMARY KEY, parent_pipeline_id VARCHAR NOT NULL, child_pipeline_id VARCHAR NOT NULL, binding_json VARCHAR DEFAULT '{}' )
2026-08-20 18:51:51.110 DEBUG [sciduck] _execute thread=127870796035776 waited=0.0000s tx_owner=None foreign_tx=False sql=INSERT INTO _pipelines (pipeline_id, name) VALUES (?, ?) ON CONFLICT DO NOTHING
2026-08-20 18:51:51.114 DEBUG [sciduck] _execute thread=127870796035776 waited=0.0000s tx_owner=None foreign_tx=False sql=CREATE TABLE IF NOT EXISTS _hypotheses ( pipeline_id VARCHAR PRIMARY KEY, research_question VARCHAR DEFAULT '', hypothesis_statement VARCHAR DEFAULT '', evidence_for VARCHAR DEFAULT '[]', evidence_aga...(truncated)
2026-08-20 18:51:51.115 DEBUG [sciduck] _execute thread=127870796035776 waited=0.0000s tx_owner=None foreign_tx=False sql=INSERT INTO _hypotheses (pipeline_id) VALUES (?) ON CONFLICT DO NOTHING
2026-08-20 18:51:51.117 DEBUG [scistack_gui] [layout] Loading layout file from /home/mtillman/datasets/test_afl.layout.json
2026-08-20 18:51:51.117 DEBUG [scistack_gui] [layout] Layout file does not exist, returning empty structure
2026-08-20 18:51:51.117 INFO  [scistack_gui] GET /path-inputs → []
2026-08-20 18:51:51.120 DEBUG [sciduck] _fetchall thread=127870796035776 waited=0.0000s tx_owner=None foreign_tx=False sql=SELECT node_id, node_type, label, config, pipeline_id FROM _pipeline_nodes
2026-08-20 18:51:51.137 DEBUG [scistack_gui] [layout] Loading layout file from /home/mtillman/datasets/test_afl.layout.json
2026-08-20 18:51:51.137 DEBUG [sciduck] _execute thread=127870796035776 waited=0.0000s tx_owner=None foreign_tx=False sql=CREATE TABLE IF NOT EXISTS _pipeline_nodes ( node_id VARCHAR PRIMARY KEY, node_type VARCHAR NOT NULL, label VARCHAR NOT NULL, config VARCHAR DEFAULT '{}', pipeline_id VARCHAR NOT NULL DEFAULT 'main' )
2026-08-20 18:51:51.137 DEBUG [scistack_gui] [layout] Layout file does not exist, returning empty structure
2026-08-20 18:51:51.138 INFO  [scistack_gui] GET /sweeps → []
2026-08-20 18:51:51.139 DEBUG [sciduck] _execute thread=127870796035776 waited=0.0000s tx_owner=None foreign_tx=False sql=CREATE TABLE IF NOT EXISTS _pipeline_edges ( edge_id VARCHAR PRIMARY KEY, source VARCHAR NOT NULL, target VARCHAR NOT NULL, source_handle VARCHAR, target_handle VARCHAR )
2026-08-20 18:51:51.140 DEBUG [sciduck] _execute thread=127870796035776 waited=0.0000s tx_owner=None foreign_tx=False sql=CREATE TABLE IF NOT EXISTS _pipeline_pending_constants ( constant_name VARCHAR NOT NULL, value VARCHAR NOT NULL, PRIMARY KEY (constant_name, value) )
2026-08-20 18:51:51.141 DEBUG [sciduck] _execute thread=127870796035776 waited=0.0000s tx_owner=None foreign_tx=False sql=CREATE TABLE IF NOT EXISTS _pipeline_builtin_functions ( name VARCHAR PRIMARY KEY, language VARCHAR NOT NULL )
2026-08-20 18:51:51.142 DEBUG [sciduck] _execute thread=127870796035776 waited=0.0000s tx_owner=None foreign_tx=False sql=CREATE TABLE IF NOT EXISTS _pipeline_hidden_nodes ( pipeline_id VARCHAR NOT NULL DEFAULT 'main', node_id VARCHAR NOT NULL, PRIMARY KEY (pipeline_id, node_id) )
2026-08-20 18:51:51.142 DEBUG [sciduck] _execute thread=127870796035776 waited=0.0000s tx_owner=None foreign_tx=False sql=CREATE TABLE IF NOT EXISTS _pipeline_hidden_combos ( node_id VARCHAR PRIMARY KEY, function_name VARCHAR NOT NULL, variant_key VARCHAR NOT NULL )
2026-08-20 18:51:51.143 DEBUG [sciduck] _execute thread=127870796035776 waited=0.0000s tx_owner=None foreign_tx=False sql=CREATE TABLE IF NOT EXISTS _pipeline_hidden_edges ( pipeline_id VARCHAR NOT NULL DEFAULT 'main', edge_id VARCHAR NOT NULL, source VARCHAR NOT NULL, target VARCHAR NOT NULL, source_handle VARCHAR, targ...(truncated)
2026-08-20 18:51:51.145 DEBUG [sciduck] _execute thread=127870796035776 waited=0.0000s tx_owner=None foreign_tx=False sql=CREATE TABLE IF NOT EXISTS _pipeline_hidden_ports ( pipeline_id VARCHAR NOT NULL DEFAULT 'main', direction VARCHAR NOT NULL, var_type VARCHAR NOT NULL, PRIMARY KEY (pipeline_id, direction, var_type) )
2026-08-20 18:51:51.146 DEBUG [sciduck] _execute thread=127870796035776 waited=0.0000s tx_owner=None foreign_tx=False sql=CREATE TABLE IF NOT EXISTS _pipelines ( pipeline_id VARCHAR PRIMARY KEY, name VARCHAR NOT NULL, hidden BOOLEAN DEFAULT FALSE )
2026-08-20 18:51:51.147 DEBUG [sciduck] _execute thread=127870796035776 waited=0.0000s tx_owner=None foreign_tx=False sql=CREATE TABLE IF NOT EXISTS _pipeline_uses ( use_id VARCHAR PRIMARY KEY, parent_pipeline_id VARCHAR NOT NULL, child_pipeline_id VARCHAR NOT NULL, binding_json VARCHAR DEFAULT '{}' )
2026-08-20 18:51:51.148 DEBUG [sciduck] _execute thread=127870796035776 waited=0.0000s tx_owner=None foreign_tx=False sql=INSERT INTO _pipelines (pipeline_id, name) VALUES (?, ?) ON CONFLICT DO NOTHING
2026-08-20 18:51:51.152 DEBUG [sciduck] _execute thread=127870796035776 waited=0.0000s tx_owner=None foreign_tx=False sql=CREATE TABLE IF NOT EXISTS _hypotheses ( pipeline_id VARCHAR PRIMARY KEY, research_question VARCHAR DEFAULT '', hypothesis_statement VARCHAR DEFAULT '', evidence_for VARCHAR DEFAULT '[]', evidence_aga...(truncated)
2026-08-20 18:51:51.153 DEBUG [sciduck] _execute thread=127870796035776 waited=0.0000s tx_owner=None foreign_tx=False sql=INSERT INTO _hypotheses (pipeline_id) VALUES (?) ON CONFLICT DO NOTHING
2026-08-20 18:51:51.157 DEBUG [sciduck] _fetchall thread=127870796035776 waited=0.0000s tx_owner=None foreign_tx=False sql=SELECT pipeline_id, name FROM _pipelines WHERE NOT hidden ORDER BY (pipeline_id != ?), name
2026-08-20 18:51:51.159 DEBUG [sciduck] _execute thread=127870796035776 waited=0.0000s tx_owner=None foreign_tx=False sql=CREATE TABLE IF NOT EXISTS _pipeline_nodes ( node_id VARCHAR PRIMARY KEY, node_type VARCHAR NOT NULL, label VARCHAR NOT NULL, config VARCHAR DEFAULT '{}', pipeline_id VARCHAR NOT NULL DEFAULT 'main' )
2026-08-20 18:51:51.159 DEBUG [sciduck] _execute thread=127870796035776 waited=0.0000s tx_owner=None foreign_tx=False sql=CREATE TABLE IF NOT EXISTS _pipeline_edges ( edge_id VARCHAR PRIMARY KEY, source VARCHAR NOT NULL, target VARCHAR NOT NULL, source_handle VARCHAR, target_handle VARCHAR )
2026-08-20 18:51:51.160 DEBUG [sciduck] _execute thread=127870796035776 waited=0.0000s tx_owner=None foreign_tx=False sql=CREATE TABLE IF NOT EXISTS _pipeline_pending_constants ( constant_name VARCHAR NOT NULL, value VARCHAR NOT NULL, PRIMARY KEY (constant_name, value) )
2026-08-20 18:51:51.161 DEBUG [sciduck] _execute thread=127870796035776 waited=0.0000s tx_owner=None foreign_tx=False sql=CREATE TABLE IF NOT EXISTS _pipeline_builtin_functions ( name VARCHAR PRIMARY KEY, language VARCHAR NOT NULL )
2026-08-20 18:51:51.161 DEBUG [sciduck] _execute thread=127870796035776 waited=0.0000s tx_owner=None foreign_tx=False sql=CREATE TABLE IF NOT EXISTS _pipeline_hidden_nodes ( pipeline_id VARCHAR NOT NULL DEFAULT 'main', node_id VARCHAR NOT NULL, PRIMARY KEY (pipeline_id, node_id) )
2026-08-20 18:51:51.162 DEBUG [sciduck] _execute thread=127870796035776 waited=0.0000s tx_owner=None foreign_tx=False sql=CREATE TABLE IF NOT EXISTS _pipeline_hidden_combos ( node_id VARCHAR PRIMARY KEY, function_name VARCHAR NOT NULL, variant_key VARCHAR NOT NULL )
2026-08-20 18:51:51.163 DEBUG [sciduck] _execute thread=127870796035776 waited=0.0000s tx_owner=None foreign_tx=False sql=CREATE TABLE IF NOT EXISTS _pipeline_hidden_edges ( pipeline_id VARCHAR NOT NULL DEFAULT 'main', edge_id VARCHAR NOT NULL, source VARCHAR NOT NULL, target VARCHAR NOT NULL, source_handle VARCHAR, targ...(truncated)
2026-08-20 18:51:51.163 DEBUG [sciduck] _execute thread=127870796035776 waited=0.0000s tx_owner=None foreign_tx=False sql=CREATE TABLE IF NOT EXISTS _pipeline_hidden_ports ( pipeline_id VARCHAR NOT NULL DEFAULT 'main', direction VARCHAR NOT NULL, var_type VARCHAR NOT NULL, PRIMARY KEY (pipeline_id, direction, var_type) )
2026-08-20 18:51:51.164 DEBUG [sciduck] _execute thread=127870796035776 waited=0.0000s tx_owner=None foreign_tx=False sql=CREATE TABLE IF NOT EXISTS _pipelines ( pipeline_id VARCHAR PRIMARY KEY, name VARCHAR NOT NULL, hidden BOOLEAN DEFAULT FALSE )
2026-08-20 18:51:51.164 DEBUG [sciduck] _execute thread=127870796035776 waited=0.0000s tx_owner=None foreign_tx=False sql=CREATE TABLE IF NOT EXISTS _pipeline_uses ( use_id VARCHAR PRIMARY KEY, parent_pipeline_id VARCHAR NOT NULL, child_pipeline_id VARCHAR NOT NULL, binding_json VARCHAR DEFAULT '{}' )
2026-08-20 18:51:51.165 DEBUG [sciduck] _execute thread=127870796035776 waited=0.0000s tx_owner=None foreign_tx=False sql=INSERT INTO _pipelines (pipeline_id, name) VALUES (?, ?) ON CONFLICT DO NOTHING
2026-08-20 18:51:51.168 DEBUG [sciduck] _execute thread=127870796035776 waited=0.0000s tx_owner=None foreign_tx=False sql=CREATE TABLE IF NOT EXISTS _hypotheses ( pipeline_id VARCHAR PRIMARY KEY, research_question VARCHAR DEFAULT '', hypothesis_statement VARCHAR DEFAULT '', evidence_for VARCHAR DEFAULT '[]', evidence_aga...(truncated)
2026-08-20 18:51:51.168 DEBUG [sciduck] _execute thread=127870796035776 waited=0.0000s tx_owner=None foreign_tx=False sql=INSERT INTO _hypotheses (pipeline_id) VALUES (?) ON CONFLICT DO NOTHING
2026-08-20 18:51:51.171 DEBUG [sciduck] _fetchall thread=127870796035776 waited=0.0000s tx_owner=None foreign_tx=False sql=SELECT use_id, parent_pipeline_id, child_pipeline_id, binding_json FROM _pipeline_uses
2026-08-20 18:51:51.188 DEBUG [sciduck] _execute thread=127867887285952 waited=0.0000s tx_owner=None foreign_tx=False sql=CREATE TABLE IF NOT EXISTS _pipeline_nodes ( node_id VARCHAR PRIMARY KEY, node_type VARCHAR NOT NULL, label VARCHAR NOT NULL, config VARCHAR DEFAULT '{}', pipeline_id VARCHAR NOT NULL DEFAULT 'main' )
2026-08-20 18:51:51.190 DEBUG [sciduck] _fetchall thread=127870796035776 waited=0.0011s tx_owner=None foreign_tx=False sql=SELECT DISTINCT "pass" FROM _schema WHERE "pass" IS NOT NULL ORDER BY "pass"
2026-08-20 18:51:51.191 DEBUG [sciduck] _execute thread=127867887285952 waited=0.0011s tx_owner=None foreign_tx=False sql=CREATE TABLE IF NOT EXISTS _pipeline_edges ( edge_id VARCHAR PRIMARY KEY, source VARCHAR NOT NULL, target VARCHAR NOT NULL, source_handle VARCHAR, target_handle VARCHAR )
2026-08-20 18:51:51.192 DEBUG [sciduck] _fetchall thread=127870796035776 waited=0.0011s tx_owner=None foreign_tx=False sql=SELECT DISTINCT "cycle" FROM _schema WHERE "cycle" IS NOT NULL ORDER BY "cycle"
2026-08-20 18:51:51.193 DEBUG [sciduck] _execute thread=127867887285952 waited=0.0017s tx_owner=None foreign_tx=False sql=CREATE TABLE IF NOT EXISTS _pipeline_pending_constants ( constant_name VARCHAR NOT NULL, value VARCHAR NOT NULL, PRIMARY KEY (constant_name, value) )
2026-08-20 18:51:51.194 DEBUG [sciduck] _execute thread=127867887285952 waited=0.0000s tx_owner=None foreign_tx=False sql=CREATE TABLE IF NOT EXISTS _pipeline_builtin_functions ( name VARCHAR PRIMARY KEY, language VARCHAR NOT NULL )
2026-08-20 18:51:51.195 DEBUG [sciduck] _execute thread=127867887285952 waited=0.0000s tx_owner=None foreign_tx=False sql=CREATE TABLE IF NOT EXISTS _pipeline_hidden_nodes ( pipeline_id VARCHAR NOT NULL DEFAULT 'main', node_id VARCHAR NOT NULL, PRIMARY KEY (pipeline_id, node_id) )
2026-08-20 18:51:51.196 DEBUG [sciduck] _execute thread=127867887285952 waited=0.0000s tx_owner=None foreign_tx=False sql=CREATE TABLE IF NOT EXISTS _pipeline_hidden_combos ( node_id VARCHAR PRIMARY KEY, function_name VARCHAR NOT NULL, variant_key VARCHAR NOT NULL )
2026-08-20 18:51:51.197 DEBUG [sciduck] _execute thread=127867887285952 waited=0.0000s tx_owner=None foreign_tx=False sql=CREATE TABLE IF NOT EXISTS _pipeline_hidden_edges ( pipeline_id VARCHAR NOT NULL DEFAULT 'main', edge_id VARCHAR NOT NULL, source VARCHAR NOT NULL, target VARCHAR NOT NULL, source_handle VARCHAR, targ...(truncated)
2026-08-20 18:51:51.199 DEBUG [sciduck] _execute thread=127867887285952 waited=0.0000s tx_owner=None foreign_tx=False sql=CREATE TABLE IF NOT EXISTS _pipeline_hidden_ports ( pipeline_id VARCHAR NOT NULL DEFAULT 'main', direction VARCHAR NOT NULL, var_type VARCHAR NOT NULL, PRIMARY KEY (pipeline_id, direction, var_type) )
2026-08-20 18:51:51.200 DEBUG [sciduck] _execute thread=127867887285952 waited=0.0000s tx_owner=None foreign_tx=False sql=CREATE TABLE IF NOT EXISTS _pipelines ( pipeline_id VARCHAR PRIMARY KEY, name VARCHAR NOT NULL, hidden BOOLEAN DEFAULT FALSE )
2026-08-20 18:51:51.201 DEBUG [sciduck] _execute thread=127867887285952 waited=0.0000s tx_owner=None foreign_tx=False sql=CREATE TABLE IF NOT EXISTS _pipeline_uses ( use_id VARCHAR PRIMARY KEY, parent_pipeline_id VARCHAR NOT NULL, child_pipeline_id VARCHAR NOT NULL, binding_json VARCHAR DEFAULT '{}' )
2026-08-20 18:51:51.202 DEBUG [sciduck] _execute thread=127867887285952 waited=0.0000s tx_owner=None foreign_tx=False sql=INSERT INTO _pipelines (pipeline_id, name) VALUES (?, ?) ON CONFLICT DO NOTHING
2026-08-20 18:51:51.206 DEBUG [sciduck] _execute thread=127867887285952 waited=0.0000s tx_owner=None foreign_tx=False sql=CREATE TABLE IF NOT EXISTS _hypotheses ( pipeline_id VARCHAR PRIMARY KEY, research_question VARCHAR DEFAULT '', hypothesis_statement VARCHAR DEFAULT '', evidence_for VARCHAR DEFAULT '[]', evidence_aga...(truncated)
2026-08-20 18:51:51.206 DEBUG [sciduck] _execute thread=127867887285952 waited=0.0000s tx_owner=None foreign_tx=False sql=INSERT INTO _hypotheses (pipeline_id) VALUES (?) ON CONFLICT DO NOTHING
2026-08-20 18:51:51.210 DEBUG [sciduck] _fetchall thread=127867887285952 waited=0.0000s tx_owner=None foreign_tx=False sql=SELECT p.pipeline_id, p.name, h.research_question, h.hypothesis_statement, h.evidence_for, h.evidence_against FROM _hypotheses h JOIN _pipelines p ON p.pipeline_id = h.pipeline_id WHERE NOT p.hidden O...(truncated)
2026-08-20 18:51:51.260 INFO  [scistack_gui] [ws] client connected (1 total)
2026-08-20 18:51:51.262 DEBUG [scistack_gui] [layout] Loading layout file from /home/mtillman/datasets/test_afl.layout.json
2026-08-20 18:51:51.263 DEBUG [scistack_gui] [layout] Layout file does not exist, returning empty structure
2026-08-20 18:51:51.263 DEBUG [sciduck] _execute thread=127867887285952 waited=0.0000s tx_owner=None foreign_tx=False sql=CREATE TABLE IF NOT EXISTS _pipeline_nodes ( node_id VARCHAR PRIMARY KEY, node_type VARCHAR NOT NULL, label VARCHAR NOT NULL, config VARCHAR DEFAULT '{}', pipeline_id VARCHAR NOT NULL DEFAULT 'main' )
2026-08-20 18:51:51.264 DEBUG [sciduck] _execute thread=127867887285952 waited=0.0000s tx_owner=None foreign_tx=False sql=CREATE TABLE IF NOT EXISTS _pipeline_edges ( edge_id VARCHAR PRIMARY KEY, source VARCHAR NOT NULL, target VARCHAR NOT NULL, source_handle VARCHAR, target_handle VARCHAR )
2026-08-20 18:51:51.265 DEBUG [sciduck] _execute thread=127867887285952 waited=0.0000s tx_owner=None foreign_tx=False sql=CREATE TABLE IF NOT EXISTS _pipeline_pending_constants ( constant_name VARCHAR NOT NULL, value VARCHAR NOT NULL, PRIMARY KEY (constant_name, value) )
2026-08-20 18:51:51.266 DEBUG [sciduck] _execute thread=127867887285952 waited=0.0000s tx_owner=None foreign_tx=False sql=CREATE TABLE IF NOT EXISTS _pipeline_builtin_functions ( name VARCHAR PRIMARY KEY, language VARCHAR NOT NULL )
2026-08-20 18:51:51.267 DEBUG [sciduck] _execute thread=127867887285952 waited=0.0000s tx_owner=None foreign_tx=False sql=CREATE TABLE IF NOT EXISTS _pipeline_hidden_nodes ( pipeline_id VARCHAR NOT NULL DEFAULT 'main', node_id VARCHAR NOT NULL, PRIMARY KEY (pipeline_id, node_id) )
2026-08-20 18:51:51.268 DEBUG [sciduck] _execute thread=127867887285952 waited=0.0000s tx_owner=None foreign_tx=False sql=CREATE TABLE IF NOT EXISTS _pipeline_hidden_combos ( node_id VARCHAR PRIMARY KEY, function_name VARCHAR NOT NULL, variant_key VARCHAR NOT NULL )
2026-08-20 18:51:51.269 DEBUG [sciduck] _execute thread=127867887285952 waited=0.0000s tx_owner=None foreign_tx=False sql=CREATE TABLE IF NOT EXISTS _pipeline_hidden_edges ( pipeline_id VARCHAR NOT NULL DEFAULT 'main', edge_id VARCHAR NOT NULL, source VARCHAR NOT NULL, target VARCHAR NOT NULL, source_handle VARCHAR, targ...(truncated)
2026-08-20 18:51:51.270 DEBUG [sciduck] _execute thread=127867887285952 waited=0.0000s tx_owner=None foreign_tx=False sql=CREATE TABLE IF NOT EXISTS _pipeline_hidden_ports ( pipeline_id VARCHAR NOT NULL DEFAULT 'main', direction VARCHAR NOT NULL, var_type VARCHAR NOT NULL, PRIMARY KEY (pipeline_id, direction, var_type) )
2026-08-20 18:51:51.271 DEBUG [sciduck] _execute thread=127867887285952 waited=0.0000s tx_owner=None foreign_tx=False sql=CREATE TABLE IF NOT EXISTS _pipelines ( pipeline_id VARCHAR PRIMARY KEY, name VARCHAR NOT NULL, hidden BOOLEAN DEFAULT FALSE )
2026-08-20 18:51:51.272 DEBUG [sciduck] _execute thread=127867887285952 waited=0.0000s tx_owner=None foreign_tx=False sql=CREATE TABLE IF NOT EXISTS _pipeline_uses ( use_id VARCHAR PRIMARY KEY, parent_pipeline_id VARCHAR NOT NULL, child_pipeline_id VARCHAR NOT NULL, binding_json VARCHAR DEFAULT '{}' )
2026-08-20 18:51:51.273 DEBUG [sciduck] _execute thread=127867887285952 waited=0.0000s tx_owner=None foreign_tx=False sql=INSERT INTO _pipelines (pipeline_id, name) VALUES (?, ?) ON CONFLICT DO NOTHING
2026-08-20 18:51:51.278 DEBUG [sciduck] _execute thread=127867887285952 waited=0.0000s tx_owner=None foreign_tx=False sql=CREATE TABLE IF NOT EXISTS _hypotheses ( pipeline_id VARCHAR PRIMARY KEY, research_question VARCHAR DEFAULT '', hypothesis_statement VARCHAR DEFAULT '', evidence_for VARCHAR DEFAULT '[]', evidence_aga...(truncated)
2026-08-20 18:51:51.278 DEBUG [sciduck] _execute thread=127867887285952 waited=0.0000s tx_owner=None foreign_tx=False sql=INSERT INTO _hypotheses (pipeline_id) VALUES (?) ON CONFLICT DO NOTHING
2026-08-20 18:51:51.282 DEBUG [sciduck] _fetchall thread=127867887285952 waited=0.0000s tx_owner=None foreign_tx=False sql=SELECT node_id, node_type, label, config, pipeline_id FROM _pipeline_nodes WHERE pipeline_id = ?
2026-08-20 18:51:51.283 DEBUG [sciduck] _execute thread=127867887285952 waited=0.0000s tx_owner=None foreign_tx=False sql=CREATE TABLE IF NOT EXISTS _pipeline_nodes ( node_id VARCHAR PRIMARY KEY, node_type VARCHAR NOT NULL, label VARCHAR NOT NULL, config VARCHAR DEFAULT '{}', pipeline_id VARCHAR NOT NULL DEFAULT 'main' )
2026-08-20 18:51:51.284 DEBUG [sciduck] _execute thread=127867887285952 waited=0.0000s tx_owner=None foreign_tx=False sql=CREATE TABLE IF NOT EXISTS _pipeline_edges ( edge_id VARCHAR PRIMARY KEY, source VARCHAR NOT NULL, target VARCHAR NOT NULL, source_handle VARCHAR, target_handle VARCHAR )
2026-08-20 18:51:51.284 DEBUG [sciduck] _execute thread=127867887285952 waited=0.0000s tx_owner=None foreign_tx=False sql=CREATE TABLE IF NOT EXISTS _pipeline_pending_constants ( constant_name VARCHAR NOT NULL, value VARCHAR NOT NULL, PRIMARY KEY (constant_name, value) )
2026-08-20 18:51:51.285 DEBUG [sciduck] _execute thread=127867887285952 waited=0.0000s tx_owner=None foreign_tx=False sql=CREATE TABLE IF NOT EXISTS _pipeline_builtin_functions ( name VARCHAR PRIMARY KEY, language VARCHAR NOT NULL )
2026-08-20 18:51:51.286 DEBUG [sciduck] _execute thread=127867887285952 waited=0.0000s tx_owner=None foreign_tx=False sql=CREATE TABLE IF NOT EXISTS _pipeline_hidden_nodes ( pipeline_id VARCHAR NOT NULL DEFAULT 'main', node_id VARCHAR NOT NULL, PRIMARY KEY (pipeline_id, node_id) )
2026-08-20 18:51:51.286 DEBUG [sciduck] _execute thread=127867887285952 waited=0.0000s tx_owner=None foreign_tx=False sql=CREATE TABLE IF NOT EXISTS _pipeline_hidden_combos ( node_id VARCHAR PRIMARY KEY, function_name VARCHAR NOT NULL, variant_key VARCHAR NOT NULL )
2026-08-20 18:51:51.287 DEBUG [sciduck] _execute thread=127867887285952 waited=0.0000s tx_owner=None foreign_tx=False sql=CREATE TABLE IF NOT EXISTS _pipeline_hidden_edges ( pipeline_id VARCHAR NOT NULL DEFAULT 'main', edge_id VARCHAR NOT NULL, source VARCHAR NOT NULL, target VARCHAR NOT NULL, source_handle VARCHAR, targ...(truncated)
2026-08-20 18:51:51.287 DEBUG [sciduck] _execute thread=127867887285952 waited=0.0000s tx_owner=None foreign_tx=False sql=CREATE TABLE IF NOT EXISTS _pipeline_hidden_ports ( pipeline_id VARCHAR NOT NULL DEFAULT 'main', direction VARCHAR NOT NULL, var_type VARCHAR NOT NULL, PRIMARY KEY (pipeline_id, direction, var_type) )
2026-08-20 18:51:51.287 DEBUG [sciduck] _execute thread=127867887285952 waited=0.0000s tx_owner=None foreign_tx=False sql=CREATE TABLE IF NOT EXISTS _pipelines ( pipeline_id VARCHAR PRIMARY KEY, name VARCHAR NOT NULL, hidden BOOLEAN DEFAULT FALSE )
2026-08-20 18:51:51.288 DEBUG [sciduck] _execute thread=127867887285952 waited=0.0000s tx_owner=None foreign_tx=False sql=CREATE TABLE IF NOT EXISTS _pipeline_uses ( use_id VARCHAR PRIMARY KEY, parent_pipeline_id VARCHAR NOT NULL, child_pipeline_id VARCHAR NOT NULL, binding_json VARCHAR DEFAULT '{}' )
2026-08-20 18:51:51.288 DEBUG [sciduck] _execute thread=127867887285952 waited=0.0000s tx_owner=None foreign_tx=False sql=INSERT INTO _pipelines (pipeline_id, name) VALUES (?, ?) ON CONFLICT DO NOTHING
2026-08-20 18:51:51.291 DEBUG [sciduck] _execute thread=127867887285952 waited=0.0000s tx_owner=None foreign_tx=False sql=CREATE TABLE IF NOT EXISTS _hypotheses ( pipeline_id VARCHAR PRIMARY KEY, research_question VARCHAR DEFAULT '', hypothesis_statement VARCHAR DEFAULT '', evidence_for VARCHAR DEFAULT '[]', evidence_aga...(truncated)
2026-08-20 18:51:51.292 DEBUG [sciduck] _execute thread=127867887285952 waited=0.0000s tx_owner=None foreign_tx=False sql=INSERT INTO _hypotheses (pipeline_id) VALUES (?) ON CONFLICT DO NOTHING
2026-08-20 18:51:51.294 DEBUG [sciduck] _fetchall thread=127867887285952 waited=0.0000s tx_owner=None foreign_tx=False sql=SELECT edge_id, source, target, source_handle, target_handle FROM _pipeline_edges
2026-08-20 18:51:51.314 DEBUG [sciduck] _execute thread=127867887285952 waited=0.0000s tx_owner=None foreign_tx=False sql=CREATE TABLE IF NOT EXISTS _pipeline_nodes ( node_id VARCHAR PRIMARY KEY, node_type VARCHAR NOT NULL, label VARCHAR NOT NULL, config VARCHAR DEFAULT '{}', pipeline_id VARCHAR NOT NULL DEFAULT 'main' )
2026-08-20 18:51:51.315 DEBUG [sciduck] _execute thread=127867887285952 waited=0.0000s tx_owner=None foreign_tx=False sql=CREATE TABLE IF NOT EXISTS _pipeline_edges ( edge_id VARCHAR PRIMARY KEY, source VARCHAR NOT NULL, target VARCHAR NOT NULL, source_handle VARCHAR, target_handle VARCHAR )
2026-08-20 18:51:51.315 DEBUG [sciduck] _execute thread=127867887285952 waited=0.0000s tx_owner=None foreign_tx=False sql=CREATE TABLE IF NOT EXISTS _pipeline_pending_constants ( constant_name VARCHAR NOT NULL, value VARCHAR NOT NULL, PRIMARY KEY (constant_name, value) )
2026-08-20 18:51:51.316 DEBUG [sciduck] _execute thread=127867887285952 waited=0.0000s tx_owner=None foreign_tx=False sql=CREATE TABLE IF NOT EXISTS _pipeline_builtin_functions ( name VARCHAR PRIMARY KEY, language VARCHAR NOT NULL )
2026-08-20 18:51:51.316 DEBUG [sciduck] _execute thread=127867887285952 waited=0.0000s tx_owner=None foreign_tx=False sql=CREATE TABLE IF NOT EXISTS _pipeline_hidden_nodes ( pipeline_id VARCHAR NOT NULL DEFAULT 'main', node_id VARCHAR NOT NULL, PRIMARY KEY (pipeline_id, node_id) )
2026-08-20 18:51:51.317 DEBUG [sciduck] _execute thread=127867887285952 waited=0.0000s tx_owner=None foreign_tx=False sql=CREATE TABLE IF NOT EXISTS _pipeline_hidden_combos ( node_id VARCHAR PRIMARY KEY, function_name VARCHAR NOT NULL, variant_key VARCHAR NOT NULL )
2026-08-20 18:51:51.317 DEBUG [sciduck] _execute thread=127867887285952 waited=0.0000s tx_owner=None foreign_tx=False sql=CREATE TABLE IF NOT EXISTS _pipeline_hidden_edges ( pipeline_id VARCHAR NOT NULL DEFAULT 'main', edge_id VARCHAR NOT NULL, source VARCHAR NOT NULL, target VARCHAR NOT NULL, source_handle VARCHAR, targ...(truncated)
2026-08-20 18:51:51.318 DEBUG [sciduck] _execute thread=127867887285952 waited=0.0000s tx_owner=None foreign_tx=False sql=CREATE TABLE IF NOT EXISTS _pipeline_hidden_ports ( pipeline_id VARCHAR NOT NULL DEFAULT 'main', direction VARCHAR NOT NULL, var_type VARCHAR NOT NULL, PRIMARY KEY (pipeline_id, direction, var_type) )
2026-08-20 18:51:51.318 DEBUG [sciduck] _execute thread=127867887285952 waited=0.0000s tx_owner=None foreign_tx=False sql=CREATE TABLE IF NOT EXISTS _pipelines ( pipeline_id VARCHAR PRIMARY KEY, name VARCHAR NOT NULL, hidden BOOLEAN DEFAULT FALSE )
2026-08-20 18:51:51.319 DEBUG [sciduck] _execute thread=127867887285952 waited=0.0000s tx_owner=None foreign_tx=False sql=CREATE TABLE IF NOT EXISTS _pipeline_uses ( use_id VARCHAR PRIMARY KEY, parent_pipeline_id VARCHAR NOT NULL, child_pipeline_id VARCHAR NOT NULL, binding_json VARCHAR DEFAULT '{}' )
2026-08-20 18:51:51.319 DEBUG [sciduck] _execute thread=127867887285952 waited=0.0000s tx_owner=None foreign_tx=False sql=INSERT INTO _pipelines (pipeline_id, name) VALUES (?, ?) ON CONFLICT DO NOTHING
2026-08-20 18:51:51.322 DEBUG [sciduck] _execute thread=127867887285952 waited=0.0000s tx_owner=None foreign_tx=False sql=CREATE TABLE IF NOT EXISTS _hypotheses ( pipeline_id VARCHAR PRIMARY KEY, research_question VARCHAR DEFAULT '', hypothesis_statement VARCHAR DEFAULT '', evidence_for VARCHAR DEFAULT '[]', evidence_aga...(truncated)
2026-08-20 18:51:51.323 DEBUG [sciduck] _execute thread=127867887285952 waited=0.0000s tx_owner=None foreign_tx=False sql=INSERT INTO _hypotheses (pipeline_id) VALUES (?) ON CONFLICT DO NOTHING
2026-08-20 18:51:51.327 DEBUG [sciduck] _fetchall thread=127867887285952 waited=0.0000s tx_owner=None foreign_tx=False sql=SELECT direction, var_type FROM _pipeline_hidden_ports WHERE pipeline_id = ?
2026-08-20 18:51:51.327 DEBUG [sciduck] _execute thread=127870796035776 waited=0.0127s tx_owner=None foreign_tx=False sql=CREATE TABLE IF NOT EXISTS _pipeline_nodes ( node_id VARCHAR PRIMARY KEY, node_type VARCHAR NOT NULL, label VARCHAR NOT NULL, config VARCHAR DEFAULT '{}', pipeline_id VARCHAR NOT NULL DEFAULT 'main' )
2026-08-20 18:51:51.329 DEBUG [sciduck] _execute thread=127870796035776 waited=0.0000s tx_owner=None foreign_tx=False sql=CREATE TABLE IF NOT EXISTS _pipeline_edges ( edge_id VARCHAR PRIMARY KEY, source VARCHAR NOT NULL, target VARCHAR NOT NULL, source_handle VARCHAR, target_handle VARCHAR )
2026-08-20 18:51:51.330 DEBUG [sciduck] _execute thread=127870796035776 waited=0.0000s tx_owner=None foreign_tx=False sql=CREATE TABLE IF NOT EXISTS _pipeline_pending_constants ( constant_name VARCHAR NOT NULL, value VARCHAR NOT NULL, PRIMARY KEY (constant_name, value) )
2026-08-20 18:51:51.331 DEBUG [sciduck] _execute thread=127870796035776 waited=0.0000s tx_owner=None foreign_tx=False sql=CREATE TABLE IF NOT EXISTS _pipeline_builtin_functions ( name VARCHAR PRIMARY KEY, language VARCHAR NOT NULL )
2026-08-20 18:51:51.332 DEBUG [sciduck] _execute thread=127870796035776 waited=0.0000s tx_owner=None foreign_tx=False sql=CREATE TABLE IF NOT EXISTS _pipeline_hidden_nodes ( pipeline_id VARCHAR NOT NULL DEFAULT 'main', node_id VARCHAR NOT NULL, PRIMARY KEY (pipeline_id, node_id) )
2026-08-20 18:51:51.333 DEBUG [sciduck] _execute thread=127870796035776 waited=0.0000s tx_owner=None foreign_tx=False sql=CREATE TABLE IF NOT EXISTS _pipeline_hidden_combos ( node_id VARCHAR PRIMARY KEY, function_name VARCHAR NOT NULL, variant_key VARCHAR NOT NULL )
2026-08-20 18:51:51.334 DEBUG [sciduck] _execute thread=127870796035776 waited=0.0000s tx_owner=None foreign_tx=False sql=CREATE TABLE IF NOT EXISTS _pipeline_hidden_edges ( pipeline_id VARCHAR NOT NULL DEFAULT 'main', edge_id VARCHAR NOT NULL, source VARCHAR NOT NULL, target VARCHAR NOT NULL, source_handle VARCHAR, targ...(truncated)
2026-08-20 18:51:51.335 DEBUG [sciduck] _execute thread=127870796035776 waited=0.0000s tx_owner=None foreign_tx=False sql=CREATE TABLE IF NOT EXISTS _pipeline_hidden_ports ( pipeline_id VARCHAR NOT NULL DEFAULT 'main', direction VARCHAR NOT NULL, var_type VARCHAR NOT NULL, PRIMARY KEY (pipeline_id, direction, var_type) )
2026-08-20 18:51:51.336 DEBUG [sciduck] _execute thread=127870796035776 waited=0.0000s tx_owner=None foreign_tx=False sql=CREATE TABLE IF NOT EXISTS _pipelines ( pipeline_id VARCHAR PRIMARY KEY, name VARCHAR NOT NULL, hidden BOOLEAN DEFAULT FALSE )
2026-08-20 18:51:51.337 DEBUG [sciduck] _execute thread=127870796035776 waited=0.0000s tx_owner=None foreign_tx=False sql=CREATE TABLE IF NOT EXISTS _pipeline_uses ( use_id VARCHAR PRIMARY KEY, parent_pipeline_id VARCHAR NOT NULL, child_pipeline_id VARCHAR NOT NULL, binding_json VARCHAR DEFAULT '{}' )
2026-08-20 18:51:51.337 DEBUG [sciduck] _execute thread=127870796035776 waited=0.0000s tx_owner=None foreign_tx=False sql=INSERT INTO _pipelines (pipeline_id, name) VALUES (?, ?) ON CONFLICT DO NOTHING
2026-08-20 18:51:51.341 DEBUG [sciduck] _execute thread=127870796035776 waited=0.0000s tx_owner=None foreign_tx=False sql=CREATE TABLE IF NOT EXISTS _hypotheses ( pipeline_id VARCHAR PRIMARY KEY, research_question VARCHAR DEFAULT '', hypothesis_statement VARCHAR DEFAULT '', evidence_for VARCHAR DEFAULT '[]', evidence_aga...(truncated)
2026-08-20 18:51:51.343 DEBUG [sciduck] _execute thread=127870796035776 waited=0.0000s tx_owner=None foreign_tx=False sql=INSERT INTO _hypotheses (pipeline_id) VALUES (?) ON CONFLICT DO NOTHING
2026-08-20 18:51:51.346 DEBUG [sciduck] _fetchall thread=127870796035776 waited=0.0000s tx_owner=None foreign_tx=False sql=SELECT edge_id, source, target, source_handle, target_handle FROM _pipeline_hidden_edges WHERE pipeline_id = ?
